<html>
<body>
<pre>
<h1>µVision Build Log</h1>
<h2>Tool Versions:</h2>
IDE-Version: ¦ÌVision V5.41.0.0
Copyright (C) 2024 ARM Ltd and ARM Germany GmbH. All rights reserved.
License Information: imranjan mamtimin, HP Inc., LIC=585FJ-USFFI-SBLEJ-UB4XV-APN1Q-A1Z0F
 
Tool Versions:
Toolchain:       MDK-ARM Plus  Version: 5.41.0.0
Toolchain Path:  C:\Users\Imranjan Mamtimin\AppData\Local\Keil_v5\ARM\ARMCC\Bin
C Compiler:      Armcc.exe V5.06 update 7 (build 960)
Assembler:       Armasm.exe V5.06 update 7 (build 960)
Linker/Locator:  ArmLink.exe V5.06 update 7 (build 960)
Library Manager: ArmAr.exe V5.06 update 7 (build 960)
Hex Converter:   FromElf.exe V5.06 update 7 (build 960)
CPU DLL:         SARMCM3.DLL V5.41.0.0
Dialog DLL:      DCM.DLL V1.17.5.0
Target DLL:      STLink\ST-LINKIII-KEIL_SWO.dll V3.3.0.0
Dialog DLL:      TCM.DLL V1.56.4.0
 
<h2>Project:</h2>
D:\PROJECT\TOP3\1119\MDK-ARM\1109.uvprojx
Project File Date:  11/27/2024

<h2>Output:</h2>
*** Using Compiler 'V5.06 update 7 (build 960)', folder: 'C:\Users\Imranjan Mamtimin\AppData\Local\Keil_v5\ARM\ARMCC\Bin'
Rebuild target '1109'
Note: source file '../Core/Src/main.c' - object file renamed from '1109\main.o' to '1109\main_1.o'.
Note: source file '../Core/Src/stm32h7xx_it.c' - object file renamed from '1109\stm32h7xx_it.o' to '1109\stm32h7xx_it_1.o'.
Note: source file '../Core/Src/stm32h7xx_hal_msp.c' - object file renamed from '1109\stm32h7xx_hal_msp.o' to '1109\stm32h7xx_hal_msp_1.o'.
Note: source file '../Drivers/STM32H7xx_HAL_Driver/Src/stm32h7xx_hal_adc.c' - object file renamed from '1109\stm32h7xx_hal_adc.o' to '1109\stm32h7xx_hal_adc_1.o'.
Note: source file '../Drivers/STM32H7xx_HAL_Driver/Src/stm32h7xx_hal_adc_ex.c' - object file renamed from '1109\stm32h7xx_hal_adc_ex.o' to '1109\stm32h7xx_hal_adc_ex_1.o'.
Note: source file '../Drivers/STM32H7xx_HAL_Driver/Src/stm32h7xx_hal_rcc.c' - object file renamed from '1109\stm32h7xx_hal_rcc.o' to '1109\stm32h7xx_hal_rcc_1.o'.
Note: source file '../Drivers/STM32H7xx_HAL_Driver/Src/stm32h7xx_hal_rcc_ex.c' - object file renamed from '1109\stm32h7xx_hal_rcc_ex.o' to '1109\stm32h7xx_hal_rcc_ex_1.o'.
Note: source file '../Drivers/STM32H7xx_HAL_Driver/Src/stm32h7xx_hal_flash.c' - object file renamed from '1109\stm32h7xx_hal_flash.o' to '1109\stm32h7xx_hal_flash_1.o'.
Note: source file '../Drivers/STM32H7xx_HAL_Driver/Src/stm32h7xx_hal_flash_ex.c' - object file renamed from '1109\stm32h7xx_hal_flash_ex.o' to '1109\stm32h7xx_hal_flash_ex_1.o'.
Note: source file '../Drivers/STM32H7xx_HAL_Driver/Src/stm32h7xx_hal_gpio.c' - object file renamed from '1109\stm32h7xx_hal_gpio.o' to '1109\stm32h7xx_hal_gpio_1.o'.
Note: source file '../Drivers/STM32H7xx_HAL_Driver/Src/stm32h7xx_hal_hsem.c' - object file renamed from '1109\stm32h7xx_hal_hsem.o' to '1109\stm32h7xx_hal_hsem_1.o'.
Note: source file '../Drivers/STM32H7xx_HAL_Driver/Src/stm32h7xx_hal_dma.c' - object file renamed from '1109\stm32h7xx_hal_dma.o' to '1109\stm32h7xx_hal_dma_1.o'.
Note: source file '../Drivers/STM32H7xx_HAL_Driver/Src/stm32h7xx_hal_dma_ex.c' - object file renamed from '1109\stm32h7xx_hal_dma_ex.o' to '1109\stm32h7xx_hal_dma_ex_1.o'.
Note: source file '../Drivers/STM32H7xx_HAL_Driver/Src/stm32h7xx_hal_mdma.c' - object file renamed from '1109\stm32h7xx_hal_mdma.o' to '1109\stm32h7xx_hal_mdma_1.o'.
Note: source file '../Drivers/STM32H7xx_HAL_Driver/Src/stm32h7xx_hal_pwr.c' - object file renamed from '1109\stm32h7xx_hal_pwr.o' to '1109\stm32h7xx_hal_pwr_1.o'.
Note: source file '../Drivers/STM32H7xx_HAL_Driver/Src/stm32h7xx_hal_pwr_ex.c' - object file renamed from '1109\stm32h7xx_hal_pwr_ex.o' to '1109\stm32h7xx_hal_pwr_ex_1.o'.
Note: source file '../Drivers/STM32H7xx_HAL_Driver/Src/stm32h7xx_hal_cortex.c' - object file renamed from '1109\stm32h7xx_hal_cortex.o' to '1109\stm32h7xx_hal_cortex_1.o'.
Note: source file '../Drivers/STM32H7xx_HAL_Driver/Src/stm32h7xx_hal.c' - object file renamed from '1109\stm32h7xx_hal.o' to '1109\stm32h7xx_hal_1.o'.
Note: source file '../Drivers/STM32H7xx_HAL_Driver/Src/stm32h7xx_hal_i2c.c' - object file renamed from '1109\stm32h7xx_hal_i2c.o' to '1109\stm32h7xx_hal_i2c_1.o'.
Note: source file '../Drivers/STM32H7xx_HAL_Driver/Src/stm32h7xx_hal_i2c_ex.c' - object file renamed from '1109\stm32h7xx_hal_i2c_ex.o' to '1109\stm32h7xx_hal_i2c_ex_1.o'.
Note: source file '../Drivers/STM32H7xx_HAL_Driver/Src/stm32h7xx_hal_exti.c' - object file renamed from '1109\stm32h7xx_hal_exti.o' to '1109\stm32h7xx_hal_exti_1.o'.
Note: source file '../Drivers/STM32H7xx_HAL_Driver/Src/stm32h7xx_hal_tim.c' - object file renamed from '1109\stm32h7xx_hal_tim.o' to '1109\stm32h7xx_hal_tim_1.o'.
Note: source file '../Drivers/STM32H7xx_HAL_Driver/Src/stm32h7xx_hal_tim_ex.c' - object file renamed from '1109\stm32h7xx_hal_tim_ex.o' to '1109\stm32h7xx_hal_tim_ex_1.o'.
Note: source file '../Drivers/STM32H7xx_HAL_Driver/Src/stm32h7xx_hal_uart.c' - object file renamed from '1109\stm32h7xx_hal_uart.o' to '1109\stm32h7xx_hal_uart_1.o'.
Note: source file '../Drivers/STM32H7xx_HAL_Driver/Src/stm32h7xx_hal_uart_ex.c' - object file renamed from '1109\stm32h7xx_hal_uart_ex.o' to '1109\stm32h7xx_hal_uart_ex_1.o'.
Note: source file '../Core/Src/system_stm32h7xx.c' - object file renamed from '1109\system_stm32h7xx.o' to '1109\system_stm32h7xx_1.o'.
compiling usart.c...
compiling stm32h7xx_it.c...
compiling main.c...
compiling stm32h7xx_hal_msp.c...
compiling delay.c...
compiling system.c...
compiling led.c...
compiling dma.c...
compiling adc.c...
compiling stm32h7xx_hal_adc_ex.c...
compiling stm32h7xx_hal_rcc.c...
compiling stm32h7xx_hal_rcc_ex.c...
compiling lcd.c...
compiling stm32h7xx_hal_adc.c...
compiling stm32h7xx_hal_hsem.c...
compiling stm32h7xx_hal_flash.c...
compiling stm32h7xx_hal_flash_ex.c...
compiling stm32h7xx_hal_gpio.c...
compiling stm32h7xx_hal_pwr.c...
compiling stm32h7xx_hal_pwr_ex.c...
compiling stm32h7xx_hal_cortex.c...
compiling stm32h7xx_hal_dma_ex.c...
compiling stm32h7xx_hal_mdma.c...
compiling stm32h7xx_hal.c...
compiling stm32h7xx_hal_i2c_ex.c...
assembling startup_stm32h750xx.s...
compiling stm32h7xx_hal_exti.c...
compiling stm32h7xx_hal_dma.c...
compiling stm32h7xx_hal_tim.c...
compiling stm32h7xx_ll_fmc.c...
compiling stm32h7xx_hal_tim_ex.c...
compiling stm32h7xx_hal_sram.c...
compiling system_stm32h7xx.c...
compiling stm32h7xx_hal_uart_ex.c...
compiling stm32h7xx_hal_i2c.c...
compiling stm32h7xx_hal_uart.c...
linking...
Program Size: Code=32822 RO-data=21766 RW-data=56 ZI-data=2336  
FromELF: creating hex file...
"1109\1109.axf" - 0 Error(s), 0 Warning(s).

<h2>Software Packages used:</h2>

Package Vendor: ARM
                https://www.keil.com/pack/ARM.CMSIS.6.1.0.pack
                ARM::CMSIS@6.1.0
                CMSIS (Common Microcontroller Software Interface Standard)
   * Component: CORE Version: 6.1.0

Package Vendor: Keil
                https://www.keil.com/pack/Keil.STM32H7xx_DFP.4.0.0.pack
                Keil::STM32H7xx_DFP@4.0.0
                STMicroelectronics STM32H7 Series Device Support

<h2>Collection of Component include folders:</h2>
  ./RTE/_1109
  C:/Users/Imranjan Mamtimin/AppData/Local/Arm/Packs/ARM/CMSIS/6.1.0/CMSIS/Core/Include

<h2>Collection of Component Files used:</h2>

   * Component: ARM::CMSIS:CORE@6.1.0
      Include file:  CMSIS/Core/Include/tz_context.h
Build Time Elapsed:  00:00:03
</pre>
</body>
</html>
