Component: ARM Compiler 5.06 update 7 (build 960) Tool: armlink [4d3601]

==============================================================================

Section Cross References

    main_1.o(i.MX_ADC2_Init) refers to rt_memclr_w.o(.text) for __aeabi_memclr4
    main_1.o(i.MX_ADC2_Init) refers to stm32h7xx_hal_adc_1.o(i.HAL_ADC_Init) for HAL_ADC_Init
    main_1.o(i.MX_ADC2_Init) refers to stm32h7xx_hal_adc_1.o(i.HAL_ADC_ConfigChannel) for HAL_ADC_ConfigChannel
    main_1.o(i.MX_ADC2_Init) refers to adc.o(.bss) for hadc2
    main_1.o(i.MX_GPIO_Init) refers to rt_memclr_w.o(.text) for __aeabi_memclr4
    main_1.o(i.MX_GPIO_Init) refers to stm32h7xx_hal_gpio_1.o(i.HAL_GPIO_WritePin) for HAL_GPIO_WritePin
    main_1.o(i.MX_GPIO_Init) refers to stm32h7xx_hal_gpio_1.o(i.HAL_GPIO_Init) for HAL_GPIO_Init
    main_1.o(i.MX_USART1_UART_Init) refers to stm32h7xx_hal_uart_1.o(i.HAL_UART_Init) for HAL_UART_Init
    main_1.o(i.MX_USART1_UART_Init) refers to stm32h7xx_hal_uart_ex_1.o(i.HAL_UARTEx_SetTxFifoThreshold) for HAL_UARTEx_SetTxFifoThreshold
    main_1.o(i.MX_USART1_UART_Init) refers to stm32h7xx_hal_uart_ex_1.o(i.HAL_UARTEx_SetRxFifoThreshold) for HAL_UARTEx_SetRxFifoThreshold
    main_1.o(i.MX_USART1_UART_Init) refers to stm32h7xx_hal_uart_ex_1.o(i.HAL_UARTEx_DisableFifoMode) for HAL_UARTEx_DisableFifoMode
    main_1.o(i.MX_USART1_UART_Init) refers to stm32h7xx_hal_uart_1.o(i.HAL_UART_Receive_IT) for HAL_UART_Receive_IT
    main_1.o(i.MX_USART1_UART_Init) refers to main_1.o(.bss) for .bss
    main_1.o(i.MX_USART1_UART_Init) refers to usart.o(.data) for aRxBuffer
    main_1.o(i.SystemClock_Config) refers to rt_memclr_w.o(.text) for __aeabi_memclr4
    main_1.o(i.SystemClock_Config) refers to stm32h7xx_hal_pwr_ex_1.o(i.HAL_PWREx_ConfigSupply) for HAL_PWREx_ConfigSupply
    main_1.o(i.SystemClock_Config) refers to stm32h7xx_hal_rcc_1.o(i.HAL_RCC_OscConfig) for HAL_RCC_OscConfig
    main_1.o(i.SystemClock_Config) refers to stm32h7xx_hal_rcc_1.o(i.HAL_RCC_ClockConfig) for HAL_RCC_ClockConfig
    main_1.o(i.main) refers to stm32h7xx_hal_cortex_1.o(i.HAL_MPU_Disable) for HAL_MPU_Disable
    main_1.o(i.main) refers to stm32h7xx_hal_cortex_1.o(i.HAL_MPU_ConfigRegion) for HAL_MPU_ConfigRegion
    main_1.o(i.main) refers to stm32h7xx_hal_cortex_1.o(i.HAL_MPU_Enable) for HAL_MPU_Enable
    main_1.o(i.main) refers to stm32h7xx_hal_1.o(i.HAL_Init) for HAL_Init
    main_1.o(i.main) refers to system.o(i.CPU_CACHE_Enable) for CPU_CACHE_Enable
    main_1.o(i.main) refers to main_1.o(i.SystemClock_Config) for SystemClock_Config
    main_1.o(i.main) refers to main_1.o(i.MX_GPIO_Init) for MX_GPIO_Init
    main_1.o(i.main) refers to stm32h7xx_hal_cortex_1.o(i.HAL_NVIC_SetPriority) for HAL_NVIC_SetPriority
    main_1.o(i.main) refers to stm32h7xx_hal_cortex_1.o(i.HAL_NVIC_EnableIRQ) for HAL_NVIC_EnableIRQ
    main_1.o(i.main) refers to main_1.o(i.MX_ADC2_Init) for MX_ADC2_Init
    main_1.o(i.main) refers to main_1.o(i.MX_USART1_UART_Init) for MX_USART1_UART_Init
    main_1.o(i.main) refers to system.o(i.MPU_Memory_Protection) for MPU_Memory_Protection
    main_1.o(i.main) refers to delay.o(i.SysTick_clkconfig) for SysTick_clkconfig
    main_1.o(i.main) refers to led.o(i.LED_Init) for LED_Init
    main_1.o(i.main) refers to lcd.o(i.LCD_Init) for LCD_Init
    main_1.o(i.main) refers to lcd.o(i.LCD_Clear) for LCD_Clear
    main_1.o(i.main) refers to stm32h7xx_hal_uart_1.o(i.HAL_UART_Receive_IT) for HAL_UART_Receive_IT
    main_1.o(i.main) refers to stm32h7xx_hal_adc_1.o(i.HAL_ADC_Start_DMA) for HAL_ADC_Start_DMA
    main_1.o(i.main) refers to lcd.o(i.LCD_Fill) for LCD_Fill
    main_1.o(i.main) refers to adc.o(i.Update_LCD_Display) for Update_LCD_Display
    main_1.o(i.main) refers to lcd.o(.data) for BACK_COLOR
    main_1.o(i.main) refers to usart.o(.data) for aRxBuffer
    main_1.o(i.main) refers to main_1.o(.bss) for .bss
    main_1.o(i.main) refers to adc.o(.data) for adc_buffer
    main_1.o(i.main) refers to adc.o(.bss) for hadc2
    stm32h7xx_it_1.o(i.ADC_IRQHandler) refers to stm32h7xx_hal_adc_1.o(i.HAL_ADC_IRQHandler) for HAL_ADC_IRQHandler
    stm32h7xx_it_1.o(i.ADC_IRQHandler) refers to adc.o(.bss) for hadc2
    stm32h7xx_it_1.o(i.DMA1_Stream0_IRQHandler) refers to stm32h7xx_hal_dma_1.o(i.HAL_DMA_IRQHandler) for HAL_DMA_IRQHandler
    stm32h7xx_it_1.o(i.DMA1_Stream0_IRQHandler) refers to main_1.o(.bss) for hdma_usart1_rx
    stm32h7xx_it_1.o(i.DMA1_Stream1_IRQHandler) refers to stm32h7xx_hal_dma_1.o(i.HAL_DMA_IRQHandler) for HAL_DMA_IRQHandler
    stm32h7xx_it_1.o(i.DMA1_Stream1_IRQHandler) refers to main_1.o(.bss) for hdma_usart1_tx
    stm32h7xx_it_1.o(i.DMA1_Stream2_IRQHandler) refers to stm32h7xx_hal_dma_1.o(i.HAL_DMA_IRQHandler) for HAL_DMA_IRQHandler
    stm32h7xx_it_1.o(i.DMA1_Stream2_IRQHandler) refers to dma.o(.bss) for hdma_adc2
    stm32h7xx_it_1.o(i.SysTick_Handler) refers to stm32h7xx_hal_1.o(i.HAL_IncTick) for HAL_IncTick
[...]
    i.FMC_NORSRAM_Init                       0x08000d08   Section        0  stm32h7xx_ll_fmc.o(i.FMC_NORSRAM_Init)
    i.FMC_NORSRAM_Timing_Init                0x08000d9c   Section        0  stm32h7xx_ll_fmc.o(i.FMC_NORSRAM_Timing_Init)
    i.HAL_ADCEx_EndOfSamplingCallback        0x08000e04   Section        0  stm32h7xx_hal_adc_ex_1.o(i.HAL_ADCEx_EndOfSamplingCallback)
    i.HAL_ADCEx_InjectedConvCpltCallback     0x08000e06   Section        0  stm32h7xx_hal_adc_ex_1.o(i.HAL_ADCEx_InjectedConvCpltCallback)
    i.HAL_ADCEx_InjectedQueueOverflowCallback 0x08000e08   Section        0  stm32h7xx_hal_adc_ex_1.o(i.HAL_ADCEx_InjectedQueueOverflowCallback)
    i.HAL_ADCEx_LevelOutOfWindow2Callback    0x08000e0a   Section        0  stm32h7xx_hal_adc_ex_1.o(i.HAL_ADCEx_LevelOutOfWindow2Callback)
    i.HAL_ADCEx_LevelOutOfWindow3Callback    0x08000e0c   Section        0  stm32h7xx_hal_adc_ex_1.o(i.HAL_ADCEx_LevelOutOfWindow3Callback)
    i.HAL_ADC_ConfigChannel                  0x08000e10   Section        0  stm32h7xx_hal_adc_1.o(i.HAL_ADC_ConfigChannel)
    i.HAL_ADC_ConvCpltCallback               0x080011e8   Section        0  adc.o(i.HAL_ADC_ConvCpltCallback)
    i.HAL_ADC_ConvHalfCpltCallback           0x080011fc   Section        0  stm32h7xx_hal_adc_1.o(i.HAL_ADC_ConvHalfCpltCallback)
    i.HAL_ADC_ErrorCallback                  0x080011fe   Section        0  stm32h7xx_hal_adc_1.o(i.HAL_ADC_ErrorCallback)
    i.HAL_ADC_IRQHandler                     0x08001200   Section        0  stm32h7xx_hal_adc_1.o(i.HAL_ADC_IRQHandler)
    i.HAL_ADC_Init                           0x08001490   Section        0  stm32h7xx_hal_adc_1.o(i.HAL_ADC_Init)
    i.HAL_ADC_LevelOutOfWindowCallback       0x080016b8   Section        0  stm32h7xx_hal_adc_1.o(i.HAL_ADC_LevelOutOfWindowCallback)
    i.HAL_ADC_MspInit                        0x080016bc   Section        0  stm32h7xx_hal_msp_1.o(i.HAL_ADC_MspInit)
    i.HAL_ADC_Start_DMA                      0x080017d0   Section        0  stm32h7xx_hal_adc_1.o(i.HAL_ADC_Start_DMA)
    i.HAL_DMA_Abort                          0x080018d8   Section        0  stm32h7xx_hal_dma_1.o(i.HAL_DMA_Abort)
    i.HAL_DMA_Abort_IT                       0x08001c38   Section        0  stm32h7xx_hal_dma_1.o(i.HAL_DMA_Abort_IT)
    i.HAL_DMA_IRQHandler                     0x08001ebc   Section        0  stm32h7xx_hal_dma_1.o(i.HAL_DMA_IRQHandler)
    i.HAL_DMA_Init                           0x080025a4   Section        0  stm32h7xx_hal_dma_1.o(i.HAL_DMA_Init)
    i.HAL_DMA_Start_IT                       0x08002968   Section        0  stm32h7xx_hal_dma_1.o(i.HAL_DMA_Start_IT)
    i.HAL_GPIO_Init                          0x08002c04   Section        0  stm32h7xx_hal_gpio_1.o(i.HAL_GPIO_Init)
    i.HAL_GPIO_WritePin                      0x08002e30   Section        0  stm32h7xx_hal_gpio_1.o(i.HAL_GPIO_WritePin)
    i.HAL_GetREVID                           0x08002e3c   Section        0  stm32h7xx_hal_1.o(i.HAL_GetREVID)
    i.HAL_GetTick                            0x08002e48   Section        0  stm32h7xx_hal_1.o(i.HAL_GetTick)
    i.HAL_IncTick                            0x08002e54   Section        0  stm32h7xx_hal_1.o(i.HAL_IncTick)
    i.HAL_Init                               0x08002e64   Section        0  stm32h7xx_hal_1.o(i.HAL_Init)
    i.HAL_InitTick                           0x08002ec0   Section        0  stm32h7xx_hal_1.o(i.HAL_InitTick)
    i.HAL_MPU_ConfigRegion                   0x08002f00   Section        0  stm32h7xx_hal_cortex_1.o(i.HAL_MPU_ConfigRegion)
    i.HAL_MPU_Disable                        0x08002f5c   Section        0  stm32h7xx_hal_cortex_1.o(i.HAL_MPU_Disable)
    i.HAL_MPU_Enable                         0x08002f78   Section        0  stm32h7xx_hal_cortex_1.o(i.HAL_MPU_Enable)
    i.HAL_MspInit                            0x08002f9c   Section        0  stm32h7xx_hal_msp_1.o(i.HAL_MspInit)
    i.HAL_NVIC_EnableIRQ                     0x08002fb8   Section        0  stm32h7xx_hal_cortex_1.o(i.HAL_NVIC_EnableIRQ)
    i.HAL_NVIC_SetPriority                   0x08002fd4   Section        0  stm32h7xx_hal_cortex_1.o(i.HAL_NVIC_SetPriority)
    i.HAL_NVIC_SetPriorityGrouping           0x08003014   Section        0  stm32h7xx_hal_cortex_1.o(i.HAL_NVIC_SetPriorityGrouping)
    i.HAL_PWREx_ConfigSupply                 0x08003038   Section        0  stm32h7xx_hal_pwr_ex_1.o(i.HAL_PWREx_ConfigSupply)
    i.HAL_RCCEx_GetD3PCLK1Freq               0x0800308c   Section        0  stm32h7xx_hal_rcc_ex_1.o(i.HAL_RCCEx_GetD3PCLK1Freq)
    i.HAL_RCCEx_GetPLL1ClockFreq             0x080030b0   Section        0  stm32h7xx_hal_rcc_ex_1.o(i.HAL_RCCEx_GetPLL1ClockFreq)
    i.HAL_RCCEx_GetPLL2ClockFreq             0x080031f8   Section        0  stm32h7xx_hal_rcc_ex_1.o(i.HAL_RCCEx_GetPLL2ClockFreq)
    i.HAL_RCCEx_GetPLL3ClockFreq             0x0800333c   Section        0  stm32h7xx_hal_rcc_ex_1.o(i.HAL_RCCEx_GetPLL3ClockFreq)
    i.HAL_RCCEx_GetPeriphCLKFreq             0x08003480   Section        0  stm32h7xx_hal_rcc_ex_1.o(i.HAL_RCCEx_GetPeriphCLKFreq)
    i.HAL_RCCEx_PeriphCLKConfig              0x08003748   Section        0  stm32h7xx_hal_rcc_ex_1.o(i.HAL_RCCEx_PeriphCLKConfig)
    i.HAL_RCC_ClockConfig                    0x080040f4   Section        0  stm32h7xx_hal_rcc_1.o(i.HAL_RCC_ClockConfig)
    i.HAL_RCC_GetHCLKFreq                    0x08004350   Section        0  stm32h7xx_hal_rcc_1.o(i.HAL_RCC_GetHCLKFreq)
    i.HAL_RCC_GetPCLK1Freq                   0x08004394   Section        0  stm32h7xx_hal_rcc_1.o(i.HAL_RCC_GetPCLK1Freq)
    i.HAL_RCC_GetPCLK2Freq                   0x080043b8   Section        0  stm32h7xx_hal_rcc_1.o(i.HAL_RCC_GetPCLK2Freq)
    i.HAL_RCC_GetSysClockFreq                0x080043dc   Section        0  stm32h7xx_hal_rcc_1.o(i.HAL_RCC_GetSysClockFreq)
    i.HAL_RCC_OscConfig                      0x08004514   Section        0  stm32h7xx_hal_rcc_1.o(i.HAL_RCC_OscConfig)
    i.HAL_SRAM_Init                          0x08004a98   Section        0  stm32h7xx_hal_sram.o(i.HAL_SRAM_Init)
    i.HAL_SRAM_MspInit                       0x08004b04   Section        0  lcd.o(i.HAL_SRAM_MspInit)
    i.HAL_SYSTICK_CLKSourceConfig            0x08004bac   Section        0  stm32h7xx_hal_cortex_1.o(i.HAL_SYSTICK_CLKSourceConfig)
    i.HAL_SYSTICK_Config                     0x08004bc4   Section        0  stm32h7xx_hal_cortex_1.o(i.HAL_SYSTICK_Config)
    i.HAL_UARTEx_DisableFifoMode             0x08004bea   Section        0  stm32h7xx_hal_uart_ex_1.o(i.HAL_UARTEx_DisableFifoMode)
    i.HAL_UARTEx_RxEventCallback             0x08004c2a   Section        0  stm32h7xx_hal_uart_1.o(i.HAL_UARTEx_RxEventCallback)
    i.HAL_UARTEx_RxFifoFullCallback          0x08004c2c   Section        0  stm32h7xx_hal_uart_ex_1.o(i.HAL_UARTEx_RxFifoFullCallback)
    i.HAL_UARTEx_SetRxFifoThreshold          0x08004c2e   Section        0  stm32h7xx_hal_uart_ex_1.o(i.HAL_UARTEx_SetRxFifoThreshold)
    i.HAL_UARTEx_SetTxFifoThreshold          0x08004c7a   Section        0  stm32h7xx_hal_uart_ex_1.o(i.HAL_UARTEx_SetTxFifoThreshold)
    i.HAL_UARTEx_TxFifoEmptyCallback         0x08004cc6   Section        0  stm32h7xx_hal_uart_ex_1.o(i.HAL_UARTEx_TxFifoEmptyCallback)
    i.HAL_UARTEx_WakeupCallback              0x08004cc8   Section        0  stm32h7xx_hal_uart_ex_1.o(i.HAL_UARTEx_WakeupCallback)
    i.HAL_UART_ErrorCallback                 0x08004cca   Section        0  stm32h7xx_hal_uart_1.o(i.HAL_UART_ErrorCallback)
    i.HAL_UART_IRQHandler                    0x08004ccc   Section        0  stm32h7xx_hal_uart_1.o(i.HAL_UART_IRQHandler)
    i.HAL_UART_Init                          0x08005054   Section        0  stm32h7xx_hal_uart_1.o(i.HAL_UART_Init)
    i.HAL_UART_MspInit                       0x080050c0   Section        0  stm32h7xx_hal_msp_1.o(i.HAL_UART_MspInit)
    i.HAL_UART_Receive_IT                    0x080051bc   Section        0  stm32h7xx_hal_uart_1.o(i.HAL_UART_Receive_IT)
    i.HAL_UART_RxCpltCallback                0x08005204   Section        0  stm32h7xx_hal_uart_1.o(i.HAL_UART_RxCpltCallback)
    i.HAL_UART_TxCpltCallback                0x08005206   Section        0  stm32h7xx_hal_uart_1.o(i.HAL_UART_TxCpltCallback)
    i.HardFault_Handler                      0x08005208   Section        0  stm32h7xx_it_1.o(i.HardFault_Handler)
    i.LCD_Clear                              0x0800520c   Section        0  lcd.o(i.LCD_Clear)
    i.LCD_Display_Dir                        0x08005224   Section        0  lcd.o(i.LCD_Display_Dir)
    i.LCD_Fast_DrawPoint                     0x08005380   Section        0  lcd.o(i.LCD_Fast_DrawPoint)
    i.LCD_Fill                               0x08005430   Section        0  lcd.o(i.LCD_Fill)
    i.LCD_Init                               0x080054c0   Section        0  lcd.o(i.LCD_Init)
    i.LCD_Pow                                0x08006888   Section        0  lcd.o(i.LCD_Pow)
    i.LCD_RD_DATA                            0x08006898   Section        0  lcd.o(i.LCD_RD_DATA)
    i.LCD_ReadReg                            0x080068ac   Section        0  lcd.o(i.LCD_ReadReg)
    i.LCD_SetCursor                          0x080068c0   Section        0  lcd.o(i.LCD_SetCursor)
    i.LCD_Set_Window                         0x08006960   Section        0  lcd.o(i.LCD_Set_Window)
    i.LCD_ShowChar                           0x08006b14   Section        0  lcd.o(i.LCD_ShowChar)
    i.LCD_ShowChinese                        0x08006bf8   Section        0  lcd.o(i.LCD_ShowChinese)
    i.LCD_ShowNum                            0x08006c60   Section        0  lcd.o(i.LCD_ShowNum)
    i.LCD_ShowString                         0x08006cd8   Section        0  lcd.o(i.LCD_ShowString)
    i.LCD_WR_DATA                            0x08006d40   Section        0  lcd.o(i.LCD_WR_DATA)
    i.LCD_WR_REG                             0x08006d58   Section        0  lcd.o(i.LCD_WR_REG)
    i.LCD_WriteRAM_Prepare                   0x08006d70   Section        0  lcd.o(i.LCD_WriteRAM_Prepare)
    i.LCD_WriteReg                           0x08006d84   Section        0  lcd.o(i.LCD_WriteReg)
    i.LED_Init                               0x08006d94   Section        0  led.o(i.LED_Init)
    i.LL_ADC_INJ_IsConversionOngoing         0x08006dac   Section        0  stm32h7xx_hal_adc_1.o(i.LL_ADC_INJ_IsConversionOngoing)
    LL_ADC_INJ_IsConversionOngoing           0x08006dad   Thumb Code     8  stm32h7xx_hal_adc_1.o(i.LL_ADC_INJ_IsConversionOngoing)
    i.LL_ADC_REG_IsConversionOngoing         0x08006db4   Section        0  stm32h7xx_hal_adc_1.o(i.LL_ADC_REG_IsConversionOngoing)
    LL_ADC_REG_IsConversionOngoing           0x08006db5   Thumb Code     8  stm32h7xx_hal_adc_1.o(i.LL_ADC_REG_IsConversionOngoing)
    i.LL_ADC_REG_IsTriggerSourceSWStart      0x08006dbc   Section        0  stm32h7xx_hal_adc_1.o(i.LL_ADC_REG_IsTriggerSourceSWStart)
    LL_ADC_REG_IsTriggerSourceSWStart        0x08006dbd   Thumb Code    16  stm32h7xx_hal_adc_1.o(i.LL_ADC_REG_IsTriggerSourceSWStart)
    i.LL_ADC_SetChannelSamplingTime          0x08006dcc   Section        0  stm32h7xx_hal_adc_1.o(i.LL_ADC_SetChannelSamplingTime)
    LL_ADC_SetChannelSamplingTime            0x08006dcd   Thumb Code    30  stm32h7xx_hal_adc_1.o(i.LL_ADC_SetChannelSamplingTime)
    i.MPU_Memory_Protection                  0x08006dea   Section        0  system.o(i.MPU_Memory_Protection)
    i.MPU_Set_Protection                     0x08006e1a   Section        0  system.o(i.MPU_Set_Protection)
    i.MX_ADC2_Init                           0x08006e70   Section        0  main_1.o(i.MX_ADC2_Init)
    MX_ADC2_Init                             0x08006e71   Thumb Code   188  main_1.o(i.MX_ADC2_Init)
    i.MX_GPIO_Init                           0x08006f44   Section        0  main_1.o(i.MX_GPIO_Init)
    MX_GPIO_Init                             0x08006f45   Thumb Code   132  main_1.o(i.MX_GPIO_Init)
    i.MX_USART1_UART_Init                    0x08006fd4   Section        0  main_1.o(i.MX_USART1_UART_Init)
    MX_USART1_UART_Init                      0x08006fd5   Thumb Code   100  main_1.o(i.MX_USART1_UART_Init)
    i.MemManage_Handler                      0x08007044   Section        0  stm32h7xx_it_1.o(i.MemManage_Handler)
    i.NMI_Handler                            0x08007046   Section        0  stm32h7xx_it_1.o(i.NMI_Handler)
    i.PendSV_Handler                         0x08007048   Section        0  stm32h7xx_it_1.o(i.PendSV_Handler)
    i.RCCEx_PLL2_Config                      0x0800704c   Section        0  stm32h7xx_hal_rcc_ex_1.o(i.RCCEx_PLL2_Config)
    RCCEx_PLL2_Config                        0x0800704d   Thumb Code   284  stm32h7xx_hal_rcc_ex_1.o(i.RCCEx_PLL2_Config)
    i.RCCEx_PLL3_Config                      0x0800716c   Section        0  stm32h7xx_hal_rcc_ex_1.o(i.RCCEx_PLL3_Config)
    RCCEx_PLL3_Config                        0x0800716d   Thumb Code   284  stm32h7xx_hal_rcc_ex_1.o(i.RCCEx_PLL3_Config)
    i.SVC_Handler                            0x0800728c   Section        0  stm32h7xx_it_1.o(i.SVC_Handler)
    i.SysTick_Handler                        0x0800728e   Section        0  stm32h7xx_it_1.o(i.SysTick_Handler)
    i.SysTick_clkconfig                      0x08007294   Section        0  delay.o(i.SysTick_clkconfig)
    i.SystemClock_Config                     0x080072a8   Section        0  main_1.o(i.SystemClock_Config)
    i.SystemInit                             0x08007348   Section        0  system_stm32h7xx_1.o(i.SystemInit)
    i.UARTEx_SetNbDataToProcess              0x08007424   Section        0  stm32h7xx_hal_uart_ex_1.o(i.UARTEx_SetNbDataToProcess)
    UARTEx_SetNbDataToProcess                0x08007425   Thumb Code    62  stm32h7xx_hal_uart_ex_1.o(i.UARTEx_SetNbDataToProcess)
    i.UART_AdvFeatureConfig                  0x08007468   Section        0  stm32h7xx_hal_uart_1.o(i.UART_AdvFeatureConfig)
    i.UART_CheckIdleState                    0x08007530   Section        0  stm32h7xx_hal_uart_1.o(i.UART_CheckIdleState)
    i.UART_DMAAbortOnError                   0x080075da   Section        0  stm32h7xx_hal_uart_1.o(i.UART_DMAAbortOnError)
    UART_DMAAbortOnError                     0x080075db   Thumb Code    20  stm32h7xx_hal_uart_1.o(i.UART_DMAAbortOnError)
    i.UART_EndRxTransfer                     0x080075f0   Section        0  stm32h7xx_hal_uart_1.o(i.UART_EndRxTransfer)
    UART_EndRxTransfer                       0x080075f1   Thumb Code    78  stm32h7xx_hal_uart_1.o(i.UART_EndRxTransfer)
    i.UART_RxISR_16BIT                       0x08007644   Section        0  stm32h7xx_hal_uart_1.o(i.UART_RxISR_16BIT)
    UART_RxISR_16BIT                         0x08007645   Thumb Code   196  stm32h7xx_hal_uart_1.o(i.UART_RxISR_16BIT)
    i.UART_RxISR_16BIT_FIFOEN                0x0800770c   Section        0  stm32h7xx_hal_uart_1.o(i.UART_RxISR_16BIT_FIFOEN)
    UART_RxISR_16BIT_FIFOEN                  0x0800770d   Thumb Code   404  stm32h7xx_hal_uart_1.o(i.UART_RxISR_16BIT_FIFOEN)
    i.UART_RxISR_8BIT                        0x080078ac   Section        0  stm32h7xx_hal_uart_1.o(i.UART_RxISR_8BIT)
    UART_RxISR_8BIT                          0x080078ad   Thumb Code   196  stm32h7xx_hal_uart_1.o(i.UART_RxISR_8BIT)
    i.UART_RxISR_8BIT_FIFOEN                 0x08007974   Section        0  stm32h7xx_hal_uart_1.o(i.UART_RxISR_8BIT_FIFOEN)
    UART_RxISR_8BIT_FIFOEN                   0x08007975   Thumb Code   404  stm32h7xx_hal_uart_1.o(i.UART_RxISR_8BIT_FIFOEN)
    i.UART_SetConfig                         0x08007b14   Section        0  stm32h7xx_hal_uart_1.o(i.UART_SetConfig)
    i.UART_Start_Receive_IT                  0x08007ec0   Section        0  stm32h7xx_hal_uart_1.o(i.UART_Start_Receive_IT)
    i.UART_WaitOnFlagUntilTimeout            0x08007fd0   Section        0  stm32h7xx_hal_uart_1.o(i.UART_WaitOnFlagUntilTimeout)
    i.USART1_IRQHandler                      0x08008064   Section        0  stm32h7xx_it_1.o(i.USART1_IRQHandler)
    i.Update_LCD_Display                     0x08008070   Section        0  adc.o(i.Update_LCD_Display)
    i.UsageFault_Handler                     0x08008124   Section        0  stm32h7xx_it_1.o(i.UsageFault_Handler)
    i.__NVIC_SetPriority                     0x08008126   Section        0  stm32h7xx_hal_cortex_1.o(i.__NVIC_SetPriority)
    __NVIC_SetPriority                       0x08008127   Thumb Code    34  stm32h7xx_hal_cortex_1.o(i.__NVIC_SetPriority)
    i._sys_exit                              0x08008148   Section        0  usart.o(i._sys_exit)
    i.delay_ms                               0x0800814a   Section        0  delay.o(i.delay_ms)
    i.delay_us                               0x08008164   Section        0  delay.o(i.delay_us)
    i.main                                   0x08008198   Section        0  main_1.o(i.main)
    x$fpl$fpinit                             0x080082c4   Section       10  fpinit.o(x$fpl$fpinit)
    $v0                                      0x080082c4   Number         0  fpinit.o(x$fpl$fpinit)
    .constdata                               0x080082ce   Section    21000  lcd.o(.constdata)
    .constdata                               0x0800d4d6   Section        6  led.o(.constdata)
    .constdata                               0x0800d4dc   Section        8  stm32h7xx_hal_dma_1.o(.constdata)
    flagBitshiftOffset                       0x0800d4dc   Data           8  stm32h7xx_hal_dma_1.o(.constdata)
    .constdata                               0x0800d4e4   Section       24  stm32h7xx_hal_uart_1.o(.constdata)
    .constdata                               0x0800d4fc   Section       16  stm32h7xx_hal_uart_ex_1.o(.constdata)
    numerator                                0x0800d4fc   Data           8  stm32h7xx_hal_uart_ex_1.o(.constdata)
    denominator                              0x0800d504   Data           8  stm32h7xx_hal_uart_ex_1.o(.constdata)
    .constdata                               0x0800d50c   Section       16  system_stm32h7xx_1.o(.constdata)
    .data                                    0x24000000   Section        4  delay.o(.data)
    fac_us                                   0x24000000   Data           4  delay.o(.data)
    .data                                    0x24000004   Section        1  usart.o(.data)
    .data                                    0x24000006   Section        8  adc.o(.data)
    .data                                    0x24000010   Section        8  lcd.o(.data)
    .data                                    0x24000018   Section       12  led.o(.data)
    .data                                    0x24000024   Section       12  stm32h7xx_hal_1.o(.data)
    .data                                    0x24000030   Section        8  system_stm32h7xx_1.o(.data)
    .bss                                     0x24000038   Section      148  main_1.o(.bss)
    .bss                                     0x240000cc   Section      120  main_1.o(.bss)
    .bss                                     0x24000144   Section      120  main_1.o(.bss)
    .bss                                     0x240001bc   Section      100  adc.o(.bss)
    .bss                                     0x24000220   Section      120  dma.o(.bss)
    .bss                                     0x24000298   Section       92  lcd.o(.bss)
    .bss                                     0x240002f4   Section       96  libspace.o(.bss)
    HEAP                                     0x24000358   Section      512  startup_stm32h750xx.o(HEAP)
    Heap_Mem                                 0x24000358   Data         512  startup_stm32h750xx.o(HEAP)
    STACK                                    0x24000558   Section     1024  startup_stm32h750xx.o(STACK)
    Stack_Mem                                0x24000558   Data        1024  startup_stm32h750xx.o(STACK)
    __initial_sp                             0x24000958   Data           0  startup_stm32h750xx.o(STACK)

    Global Symbols

    Symbol Name                              Value     Ov Type        Size  Object(Section)

    BuildAttributes$$THM_ISAv4$E$P$D$K$B$S$7EM$VFPv5_D16$PE$PLD8$A:L22UL41UL21$X:L11$S22US41US21$IEEE1$IW$USESV6$~STKCKD$USESV7$~SHL$OSPACE$ROPI$EBA8$UX$STANDARDLIB$REQ8$PRES8$EABIv2 0x00000000   Number         0  anon$$obj.o ABSOLUTE
    __ARM_use_no_argv                        0x00000000   Number         0  main_1.o ABSOLUTE
    __ARM_exceptions_init                     - Undefined Weak Reference
    __alloca_initialize                       - Undefined Weak Reference
    __arm_fini_                               - Undefined Weak Reference
    __arm_preinit_                            - Undefined Weak Reference
    __cpp_initialize__aeabi_                  - Undefined Weak Reference
    __cxa_finalize                            - Undefined Weak Reference
    __rt_locale                               - Undefined Weak Reference
    __sigvec_lookup                           - Undefined Weak Reference
    _atexit_init                              - Undefined Weak Reference
    _call_atexit_fns                          - Undefined Weak Reference
    _clock_init                               - Undefined Weak Reference
    _fp_trap_init                             - Undefined Weak Reference
    _fp_trap_shutdown                         - Undefined Weak Reference
    _get_lc_collate                           - Undefined Weak Reference
    _get_lc_ctype                             - Undefined Weak Reference
    _get_lc_monetary                          - Undefined Weak Reference
    _get_lc_numeric                           - Undefined Weak Reference
    _get_lc_time                              - Undefined Weak Reference
    _getenv_init                              - Undefined Weak Reference
    _handle_redirection                       - Undefined Weak Reference
    _init_alloc                               - Undefined Weak Reference
    _init_user_alloc                          - Undefined Weak Reference
    _initio                                   - Undefined Weak Reference
    _rand_init                                - Undefined Weak Reference
    _signal_finish                            - Undefined Weak Reference
    _signal_init                              - Undefined Weak Reference
    _terminate_alloc                          - Undefined Weak Reference
    _terminate_user_alloc                     - Undefined Weak Reference
    _terminateio                              - Undefined Weak Reference
    __Vectors_Size                           0x00000298   Number         0  startup_stm32h750xx.o ABSOLUTE
    __Vectors                                0x08000000   Data           4  startup_stm32h750xx.o(RESET)
    __Vectors_End                            0x08000298   Data           0  startup_stm32h750xx.o(RESET)
    __main                                   0x08000299   Thumb Code     8  __main.o(!!!main)
    __scatterload                            0x080002a1   Thumb Code     0  __scatter.o(!!!scatter)
    __scatterload_rt2                        0x080002a1   Thumb Code    44  __scatter.o(!!!scatter)
    __scatterload_rt2_thumb_only             0x080002a1   Thumb Code     0  __scatter.o(!!!scatter)
    __scatterload_null                       0x080002af   Thumb Code     0  __scatter.o(!!!scatter)
    __scatterload_copy                       0x080002d5   Thumb Code    26  __scatter_copy.o(!!handler_copy)
    __scatterload_zeroinit                   0x080002f1   Thumb Code    28  __scatter_zi.o(!!handler_zi)
    __rt_lib_init                            0x0800030d   Thumb Code     0  libinit.o(.ARM.Collect$$libinit$$00000000)
    __rt_lib_init_fp_1                       0x0800030f   Thumb Code     0  libinit2.o(.ARM.Collect$$libinit$$00000001)
    __rt_lib_init_alloca_1                   0x08000313   Thumb Code     0  libinit2.o(.ARM.Collect$$libinit$$0000002E)
    __rt_lib_init_argv_1                     0x08000313   Thumb Code     0  libinit2.o(.ARM.Collect$$libinit$$0000002C)
    __rt_lib_init_atexit_1                   0x08000313   Thumb Code     0  libinit2.o(.ARM.Collect$$libinit$$0000001B)
    __rt_lib_init_clock_1                    0x08000313   Thumb Code     0  libinit2.o(.ARM.Collect$$libinit$$00000021)
    __rt_lib_init_cpp_1                      0x08000313   Thumb Code     0  libinit2.o(.ARM.Collect$$libinit$$00000032)
    __rt_lib_init_exceptions_1               0x08000313   Thumb Code     0  libinit2.o(.ARM.Collect$$libinit$$00000030)
    __rt_lib_init_fp_trap_1                  0x08000313   Thumb Code     0  libinit2.o(.ARM.Collect$$libinit$$0000001F)
    __rt_lib_init_getenv_1                   0x08000313   Thumb Code     0  libinit2.o(.ARM.Collect$$libinit$$00000023)
    __rt_lib_init_heap_1                     0x08000313   Thumb Code     0  libinit2.o(.ARM.Collect$$libinit$$0000000A)
    __rt_lib_init_lc_collate_1               0x08000313   Thumb Code     0  libinit2.o(.ARM.Collect$$libinit$$00000011)
    __rt_lib_init_lc_ctype_1                 0x08000313   Thumb Code     0  libinit2.o(.ARM.Collect$$libinit$$00000013)
    __rt_lib_init_lc_monetary_1              0x08000313   Thumb Code     0  libinit2.o(.ARM.Collect$$libinit$$00000015)
    __rt_lib_init_lc_numeric_1               0x08000313   Thumb Code     0  libinit2.o(.ARM.Collect$$libinit$$00000017)
    __rt_lib_init_lc_time_1                  0x08000313   Thumb Code     0  libinit2.o(.ARM.Collect$$libinit$$00000019)
    __rt_lib_init_preinit_1                  0x08000313   Thumb Code     0  libinit2.o(.ARM.Collect$$libinit$$00000004)
    __rt_lib_init_rand_1                     0x08000313   Thumb Code     0  libinit2.o(.ARM.Collect$$libinit$$0000000E)
    __rt_lib_init_return                     0x08000313   Thumb Code     0  libinit2.o(.ARM.Collect$$libinit$$00000033)
    __rt_lib_init_signal_1                   0x08000313   Thumb Code     0  libinit2.o(.ARM.Collect$$libinit$$0000001D)
    __rt_lib_init_stdio_1                    0x08000313   Thumb Code     0  libinit2.o(.ARM.Collect$$libinit$$00000025)
    __rt_lib_init_user_alloc_1               0x08000313   Thumb Code     0  libinit2.o(.ARM.Collect$$libinit$$0000000C)
    __rt_lib_shutdown                        0x08000315   Thumb Code     0  libshutdown.o(.ARM.Collect$$libshutdown$$00000000)
    __rt_lib_shutdown_cpp_1                  0x08000317   Thumb Code     0  libshutdown2.o(.ARM.Collect$$libshutdown$$00000004)
    __rt_lib_shutdown_fini_1                 0x08000317   Thumb Code     0  libshutdown2.o(.ARM.Collect$$libshutdown$$00000002)
    __rt_lib_shutdown_fp_trap_1              0x08000317   Thumb Code     0  libshutdown2.o(.ARM.Collect$$libshutdown$$00000009)
    __rt_lib_shutdown_heap_1                 0x08000317   Thumb Code     0  libshutdown2.o(.ARM.Collect$$libshutdown$$00000011)
    __rt_lib_shutdown_return                 0x08000317   Thumb Code     0  libshutdown2.o(.ARM.Collect$$libshutdown$$00000012)
    __rt_lib_shutdown_signal_1               0x08000317   Thumb Code     0  libshutdown2.o(.ARM.Collect$$libshutdown$$0000000C)
    __rt_lib_shutdown_stdio_1                0x08000317   Thumb Code     0  libshutdown2.o(.ARM.Collect$$libshutdown$$00000006)
    __rt_lib_shutdown_user_alloc_1           0x08000317   Thumb Code     0  libshutdown2.o(.ARM.Collect$$libshutdown$$0000000E)
    __rt_entry                               0x08000319   Thumb Code     0  __rtentry.o(.ARM.Collect$$rtentry$$00000000)
    __rt_entry_presh_1                       0x08000319   Thumb Code     0  __rtentry2.o(.ARM.Collect$$rtentry$$00000002)
    __rt_entry_sh                            0x08000319   Thumb Code     0  __rtentry4.o(.ARM.Collect$$rtentry$$00000004)
    __rt_entry_li                            0x0800031f   Thumb Code     0  __rtentry2.o(.ARM.Collect$$rtentry$$0000000A)
    __rt_entry_postsh_1                      0x0800031f   Thumb Code     0  __rtentry2.o(.ARM.Collect$$rtentry$$00000009)
    __rt_entry_main                          0x08000323   Thumb Code     0  __rtentry2.o(.ARM.Collect$$rtentry$$0000000D)
    __rt_entry_postli_1                      0x08000323   Thumb Code     0  __rtentry2.o(.ARM.Collect$$rtentry$$0000000C)
    __rt_exit                                0x0800032b   Thumb Code     0  rtexit.o(.ARM.Collect$$rtexit$$00000000)
    __rt_exit_ls                             0x0800032d   Thumb Code     0  rtexit2.o(.ARM.Collect$$rtexit$$00000003)
    __rt_exit_prels_1                        0x0800032d   Thumb Code     0  rtexit2.o(.ARM.Collect$$rtexit$$00000002)
    __rt_exit_exit                           0x08000331   Thumb Code     0  rtexit2.o(.ARM.Collect$$rtexit$$00000004)
    Reset_Handler                            0x08000339   Thumb Code     8  startup_stm32h750xx.o(.text)
    ADC3_IRQHandler                          0x08000353   Thumb Code     0  startup_stm32h750xx.o(.text)
    BDMA_Channel0_IRQHandler                 0x08000353   Thumb Code     0  startup_stm32h750xx.o(.text)
    BDMA_Channel1_IRQHandler                 0x08000353   Thumb Code     0  startup_stm32h750xx.o(.text)
    BDMA_Channel2_IRQHandler                 0x08000353   Thumb Code     0  startup_stm32h750xx.o(.text)
    BDMA_Channel3_IRQHandler                 0x08000353   Thumb Code     0  startup_stm32h750xx.o(.text)
    BDMA_Channel4_IRQHandler                 0x08000353   Thumb Code     0  startup_stm32h750xx.o(.text)
    BDMA_Channel5_IRQHandler                 0x08000353   Thumb Code     0  startup_stm32h750xx.o(.text)
    BDMA_Channel6_IRQHandler                 0x08000353   Thumb Code     0  startup_stm32h750xx.o(.text)
    BDMA_Channel7_IRQHandler                 0x08000353   Thumb Code     0  startup_stm32h750xx.o(.text)
    CEC_IRQHandler                           0x08000353   Thumb Code     0  startup_stm32h750xx.o(.text)
    COMP1_IRQHandler                         0x08000353   Thumb Code     0  startup_stm32h750xx.o(.text)
    CRS_IRQHandler                           0x08000353   Thumb Code     0  startup_stm32h750xx.o(.text)
    CRYP_IRQHandler                          0x08000353   Thumb Code     0  startup_stm32h750xx.o(.text)
    DCMI_IRQHandler                          0x08000353   Thumb Code     0  startup_stm32h750xx.o(.text)
    DFSDM1_FLT0_IRQHandler                   0x08000353   Thumb Code     0  startup_stm32h750xx.o(.text)
    DFSDM1_FLT1_IRQHandler                   0x08000353   Thumb Code     0  startup_stm32h750xx.o(.text)
    DFSDM1_FLT2_IRQHandler                   0x08000353   Thumb Code     0  startup_stm32h750xx.o(.text)
    DFSDM1_FLT3_IRQHandler                   0x08000353   Thumb Code     0  startup_stm32h750xx.o(.text)
    DMA1_Stream3_IRQHandler                  0x08000353   Thumb Code     0  startup_stm32h750xx.o(.text)
    DMA1_Stream4_IRQHandler                  0x08000353   Thumb Code     0  startup_stm32h750xx.o(.text)
    DMA1_Stream5_IRQHandler                  0x08000353   Thumb Code     0  startup_stm32h750xx.o(.text)
    DMA1_Stream6_IRQHandler                  0x08000353   Thumb Code     0  startup_stm32h750xx.o(.text)
    DMA1_Stream7_IRQHandler                  0x08000353   Thumb Code     0  startup_stm32h750xx.o(.text)
    DMA2D_IRQHandler                         0x08000353   Thumb Code     0  startup_stm32h750xx.o(.text)
    DMA2_Stream0_IRQHandler                  0x08000353   Thumb Code     0  startup_stm32h750xx.o(.text)
    DMA2_Stream1_IRQHandler                  0x08000353   Thumb Code     0  startup_stm32h750xx.o(.text)
    DMA2_Stream2_IRQHandler                  0x08000353   Thumb Code     0  startup_stm32h750xx.o(.text)
    DMA2_Stream3_IRQHandler                  0x08000353   Thumb Code     0  startup_stm32h750xx.o(.text)
    DMA2_Stream4_IRQHandler                  0x08000353   Thumb Code     0  startup_stm32h750xx.o(.text)
    DMA2_Stream5_IRQHandler                  0x08000353   Thumb Code     0  startup_stm32h750xx.o(.text)
    DMA2_Stream6_IRQHandler                  0x08000353   Thumb Code     0  startup_stm32h750xx.o(.text)
    DMA2_Stream7_IRQHandler                  0x08000353   Thumb Code     0  startup_stm32h750xx.o(.text)
    DMAMUX1_OVR_IRQHandler                   0x08000353   Thumb Code     0  startup_stm32h750xx.o(.text)
    DMAMUX2_OVR_IRQHandler                   0x08000353   Thumb Code     0  startup_stm32h750xx.o(.text)
    ECC_IRQHandler                           0x08000353   Thumb Code     0  startup_stm32h750xx.o(.text)
    ETH_IRQHandler                           0x08000353   Thumb Code     0  startup_stm32h750xx.o(.text)
    ETH_WKUP_IRQHandler                      0x08000353   Thumb Code     0  startup_stm32h750xx.o(.text)
    EXTI0_IRQHandler                         0x08000353   Thumb Code     0  startup_stm32h750xx.o(.text)
    EXTI15_10_IRQHandler                     0x08000353   Thumb Code     0  startup_stm32h750xx.o(.text)
    EXTI1_IRQHandler                         0x08000353   Thumb Code     0  startup_stm32h750xx.o(.text)
    EXTI2_IRQHandler                         0x08000353   Thumb Code     0  startup_stm32h750xx.o(.text)
    EXTI3_IRQHandler                         0x08000353   Thumb Code     0  startup_stm32h750xx.o(.text)
    EXTI4_IRQHandler                         0x08000353   Thumb Code     0  startup_stm32h750xx.o(.text)
    EXTI9_5_IRQHandler                       0x08000353   Thumb Code     0  startup_stm32h750xx.o(.text)
    FDCAN1_IT0_IRQHandler                    0x08000353   Thumb Code     0  startup_stm32h750xx.o(.text)
    FDCAN1_IT1_IRQHandler                    0x08000353   Thumb Code     0  startup_stm32h750xx.o(.text)
    FDCAN2_IT0_IRQHandler                    0x08000353   Thumb Code     0  startup_stm32h750xx.o(.text)
    FDCAN2_IT1_IRQHandler                    0x08000353   Thumb Code     0  startup_stm32h750xx.o(.text)
    FDCAN_CAL_IRQHandler                     0x08000353   Thumb Code     0  startup_stm32h750xx.o(.text)
    FLASH_IRQHandler                         0x08000353   Thumb Code     0  startup_stm32h750xx.o(.text)
    FMC_IRQHandler                           0x08000353   Thumb Code     0  startup_stm32h750xx.o(.text)
    FPU_IRQHandler                           0x08000353   Thumb Code     0  startup_stm32h750xx.o(.text)
    HASH_RNG_IRQHandler                      0x08000353   Thumb Code     0  startup_stm32h750xx.o(.text)
    HRTIM1_FLT_IRQHandler                    0x08000353   Thumb Code     0  startup_stm32h750xx.o(.text)
    HRTIM1_Master_IRQHandler                 0x08000353   Thumb Code     0  startup_stm32h750xx.o(.text)
    HRTIM1_TIMA_IRQHandler                   0x08000353   Thumb Code     0  startup_stm32h750xx.o(.text)
    HRTIM1_TIMB_IRQHandler                   0x08000353   Thumb Code     0  startup_stm32h750xx.o(.text)
    HRTIM1_TIMC_IRQHandler                   0x08000353   Thumb Code     0  startup_stm32h750xx.o(.text)
    HRTIM1_TIMD_IRQHandler                   0x08000353   Thumb Code     0  startup_stm32h750xx.o(.text)
    HRTIM1_TIME_IRQHandler                   0x08000353   Thumb Code     0  startup_stm32h750xx.o(.text)
    HSEM1_IRQHandler                         0x08000353   Thumb Code     0  startup_stm32h750xx.o(.text)
    I2C1_ER_IRQHandler                       0x08000353   Thumb Code     0  startup_stm32h750xx.o(.text)
    I2C1_EV_IRQHandler                       0x08000353   Thumb Code     0  startup_stm32h750xx.o(.text)
    I2C2_ER_IRQHandler                       0x08000353   Thumb Code     0  startup_stm32h750xx.o(.text)
    I2C2_EV_IRQHandler                       0x08000353   Thumb Code     0  startup_stm32h750xx.o(.text)
    I2C3_ER_IRQHandler                       0x08000353   Thumb Code     0  startup_stm32h750xx.o(.text)
    I2C3_EV_IRQHandler                       0x08000353   Thumb Code     0  startup_stm32h750xx.o(.text)
    I2C4_ER_IRQHandler                       0x08000353   Thumb Code     0  startup_stm32h750xx.o(.text)
    I2C4_EV_IRQHandler                       0x08000353   Thumb Code     0  startup_stm32h750xx.o(.text)
    JPEG_IRQHandler                          0x08000353   Thumb Code     0  startup_stm32h750xx.o(.text)
    LPTIM1_IRQHandler                        0x08000353   Thumb Code     0  startup_stm32h750xx.o(.text)
    LPTIM2_IRQHandler                        0x08000353   Thumb Code     0  startup_stm32h750xx.o(.text)
    LPTIM3_IRQHandler                        0x08000353   Thumb Code     0  startup_stm32h750xx.o(.text)
    LPTIM4_IRQHandler                        0x08000353   Thumb Code     0  startup_stm32h750xx.o(.text)
    LPTIM5_IRQHandler                        0x08000353   Thumb Code     0  startup_stm32h750xx.o(.text)
    LPUART1_IRQHandler                       0x08000353   Thumb Code     0  startup_stm32h750xx.o(.text)
    LTDC_ER_IRQHandler                       0x08000353   Thumb Code     0  startup_stm32h750xx.o(.text)
    LTDC_IRQHandler                          0x08000353   Thumb Code     0  startup_stm32h750xx.o(.text)
    MDIOS_IRQHandler                         0x08000353   Thumb Code     0  startup_stm32h750xx.o(.text)
    MDIOS_WKUP_IRQHandler                    0x08000353   Thumb Code     0  startup_stm32h750xx.o(.text)
    MDMA_IRQHandler                          0x08000353   Thumb Code     0  startup_stm32h750xx.o(.text)
    OTG_FS_EP1_IN_IRQHandler                 0x08000353   Thumb Code     0  startup_stm32h750xx.o(.text)
    OTG_FS_EP1_OUT_IRQHandler                0x08000353   Thumb Code     0  startup_stm32h750xx.o(.text)
    OTG_FS_IRQHandler                        0x08000353   Thumb Code     0  startup_stm32h750xx.o(.text)
    OTG_FS_WKUP_IRQHandler                   0x08000353   Thumb Code     0  startup_stm32h750xx.o(.text)
    OTG_HS_EP1_IN_IRQHandler                 0x08000353   Thumb Code     0  startup_stm32h750xx.o(.text)
    OTG_HS_EP1_OUT_IRQHandler                0x08000353   Thumb Code     0  startup_stm32h750xx.o(.text)
    OTG_HS_IRQHandler                        0x08000353   Thumb Code     0  startup_stm32h750xx.o(.text)
    OTG_HS_WKUP_IRQHandler                   0x08000353   Thumb Code     0  startup_stm32h750xx.o(.text)
    PVD_AVD_IRQHandler                       0x08000353   Thumb Code     0  startup_stm32h750xx.o(.text)
    QUADSPI_IRQHandler                       0x08000353   Thumb Code     0  startup_stm32h750xx.o(.text)
    RCC_IRQHandler                           0x08000353   Thumb Code     0  startup_stm32h750xx.o(.text)
    RTC_Alarm_IRQHandler                     0x08000353   Thumb Code     0  startup_stm32h750xx.o(.text)
    RTC_WKUP_IRQHandler                      0x08000353   Thumb Code     0  startup_stm32h750xx.o(.text)
    SAI1_IRQHandler                          0x08000353   Thumb Code     0  startup_stm32h750xx.o(.text)
    SAI2_IRQHandler                          0x08000353   Thumb Code     0  startup_stm32h750xx.o(.text)
    SAI3_IRQHandler                          0x08000353   Thumb Code     0  startup_stm32h750xx.o(.text)
    SAI4_IRQHandler                          0x08000353   Thumb Code     0  startup_stm32h750xx.o(.text)
    SDMMC1_IRQHandler                        0x08000353   Thumb Code     0  startup_stm32h750xx.o(.text)
    SDMMC2_IRQHandler                        0x08000353   Thumb Code     0  startup_stm32h750xx.o(.text)
    SPDIF_RX_IRQHandler                      0x08000353   Thumb Code     0  startup_stm32h750xx.o(.text)
    SPI1_IRQHandler                          0x08000353   Thumb Code     0  startup_stm32h750xx.o(.text)
    SPI2_IRQHandler                          0x08000353   Thumb Code     0  startup_stm32h750xx.o(.text)
    SPI3_IRQHandler                          0x08000353   Thumb Code     0  startup_stm32h750xx.o(.text)
    SPI4_IRQHandler                          0x08000353   Thumb Code     0  startup_stm32h750xx.o(.text)
    SPI5_IRQHandler                          0x08000353   Thumb Code     0  startup_stm32h750xx.o(.text)
    SPI6_IRQHandler                          0x08000353   Thumb Code     0  startup_stm32h750xx.o(.text)
    SWPMI1_IRQHandler                        0x08000353   Thumb Code     0  startup_stm32h750xx.o(.text)
    TAMP_STAMP_IRQHandler                    0x08000353   Thumb Code     0  startup_stm32h750xx.o(.text)
    TIM15_IRQHandler                         0x08000353   Thumb Code     0  startup_stm32h750xx.o(.text)
    TIM16_IRQHandler                         0x08000353   Thumb Code     0  startup_stm32h750xx.o(.text)
    TIM17_IRQHandler                         0x08000353   Thumb Code     0  startup_stm32h750xx.o(.text)
    TIM1_BRK_IRQHandler                      0x08000353   Thumb Code     0  startup_stm32h750xx.o(.text)
    TIM1_CC_IRQHandler                       0x08000353   Thumb Code     0  startup_stm32h750xx.o(.text)
    TIM1_TRG_COM_IRQHandler                  0x08000353   Thumb Code     0  startup_stm32h750xx.o(.text)
    TIM1_UP_IRQHandler                       0x08000353   Thumb Code     0  startup_stm32h750xx.o(.text)
    TIM2_IRQHandler                          0x08000353   Thumb Code     0  startup_stm32h750xx.o(.text)
    TIM3_IRQHandler                          0x08000353   Thumb Code     0  startup_stm32h750xx.o(.text)
    TIM4_IRQHandler                          0x08000353   Thumb Code     0  startup_stm32h750xx.o(.text)
    TIM5_IRQHandler                          0x08000353   Thumb Code     0  startup_stm32h750xx.o(.text)
    TIM6_DAC_IRQHandler                      0x08000353   Thumb Code     0  startup_stm32h750xx.o(.text)
    TIM7_IRQHandler                          0x08000353   Thumb Code     0  startup_stm32h750xx.o(.text)
    TIM8_BRK_TIM12_IRQHandler                0x08000353   Thumb Code     0  startup_stm32h750xx.o(.text)
    TIM8_CC_IRQHandler                       0x08000353   Thumb Code     0  startup_stm32h750xx.o(.text)
    TIM8_TRG_COM_TIM14_IRQHandler            0x08000353   Thumb Code     0  startup_stm32h750xx.o(.text)
    TIM8_UP_TIM13_IRQHandler                 0x08000353   Thumb Code     0  startup_stm32h750xx.o(.text)
    UART4_IRQHandler                         0x08000353   Thumb Code     0  startup_stm32h750xx.o(.text)
    UART5_IRQHandler                         0x08000353   Thumb Code     0  startup_stm32h750xx.o(.text)
    UART7_IRQHandler                         0x08000353   Thumb Code     0  startup_stm32h750xx.o(.text)
    UART8_IRQHandler                         0x08000353   Thumb Code     0  startup_stm32h750xx.o(.text)
    USART2_IRQHandler                        0x08000353   Thumb Code     0  startup_stm32h750xx.o(.text)
    USART3_IRQHandler                        0x08000353   Thumb Code     0  startup_stm32h750xx.o(.text)
    USART6_IRQHandler                        0x08000353   Thumb Code     0  startup_stm32h750xx.o(.text)
    WAKEUP_PIN_IRQHandler                    0x08000353   Thumb Code     0  startup_stm32h750xx.o(.text)
    WWDG_IRQHandler                          0x08000353   Thumb Code     0  startup_stm32h750xx.o(.text)
    __user_initial_stackheap                 0x08000355   Thumb Code     0  startup_stm32h750xx.o(.text)
    __use_no_semihosting                     0x08000379   Thumb Code     2  use_no_semi_2.o(.text)
    __aeabi_uldivmod                         0x0800037b   Thumb Code     0  lludivv7m.o(.text)
    _ll_udiv                                 0x0800037b   Thumb Code   238  lludivv7m.o(.text)
    __aeabi_memclr4                          0x08000469   Thumb Code     0  rt_memclr_w.o(.text)
    __aeabi_memclr8                          0x08000469   Thumb Code     0  rt_memclr_w.o(.text)
    __rt_memclr_w                            0x08000469   Thumb Code    78  rt_memclr_w.o(.text)
    _memset_w                                0x0800046d   Thumb Code     0  rt_memclr_w.o(.text)
    __use_two_region_memory                  0x080004b7   Thumb Code     2  heapauxi.o(.text)
    __rt_heap_escrow$2region                 0x080004b9   Thumb Code     2  heapauxi.o(.text)
    __rt_heap_expand$2region                 0x080004bb   Thumb Code     2  heapauxi.o(.text)
    __I$use$semihosting                      0x080004bd   Thumb Code     0  use_no_semi.o(.text)
    __use_no_semihosting_swi                 0x080004bd   Thumb Code     2  use_no_semi.o(.text)
    __user_setup_stackheap                   0x080004bf   Thumb Code    74  sys_stackheap_outer.o(.text)
    exit                                     0x08000509   Thumb Code    18  exit.o(.text)
    __user_libspace                          0x0800051d   Thumb Code     8  libspace.o(.text)
    __user_perproc_libspace                  0x0800051d   Thumb Code     0  libspace.o(.text)
    __user_perthread_libspace                0x0800051d   Thumb Code     0  libspace.o(.text)
    ADC_ConfigureBoostMode                   0x08000525   Thumb Code   236  stm32h7xx_hal_adc_1.o(i.ADC_ConfigureBoostMode)
    ADC_DMAConvCplt                          0x0800062d   Thumb Code   104  stm32h7xx_hal_adc_1.o(i.ADC_DMAConvCplt)
    ADC_DMAError                             0x08000695   Thumb Code    26  stm32h7xx_hal_adc_1.o(i.ADC_DMAError)
    ADC_DMAHalfConvCplt                      0x080006af   Thumb Code    10  stm32h7xx_hal_adc_1.o(i.ADC_DMAHalfConvCplt)
    ADC_Enable                               0x080006b9   Thumb Code   148  stm32h7xx_hal_adc_1.o(i.ADC_Enable)
    ADC_IRQHandler                           0x08000761   Thumb Code     6  stm32h7xx_it_1.o(i.ADC_IRQHandler)
    BSP_LED_Init                             0x0800076d   Thumb Code    82  led.o(i.BSP_LED_Init)
    BusFault_Handler                         0x080007cd   Thumb Code     2  stm32h7xx_it_1.o(i.BusFault_Handler)
    CPU_CACHE_Enable                         0x080007d1   Thumb Code   140  system.o(i.CPU_CACHE_Enable)
    DMA1_Stream0_IRQHandler                  0x08000865   Thumb Code     6  stm32h7xx_it_1.o(i.DMA1_Stream0_IRQHandler)
    DMA1_Stream1_IRQHandler                  0x08000871   Thumb Code     6  stm32h7xx_it_1.o(i.DMA1_Stream1_IRQHandler)
    DMA1_Stream2_IRQHandler                  0x0800087d   Thumb Code     6  stm32h7xx_it_1.o(i.DMA1_Stream2_IRQHandler)
    DebugMon_Handler                         0x08000cc1   Thumb Code     2  stm32h7xx_it_1.o(i.DebugMon_Handler)
    Error_Handler                            0x08000cc3   Thumb Code     4  main_1.o(i.Error_Handler)
    FMC_NORSRAM_Extended_Timing_Init         0x08000cc9   Thumb Code    58  stm32h7xx_ll_fmc.o(i.FMC_NORSRAM_Extended_Timing_Init)
    FMC_NORSRAM_Init                         0x08000d09   Thumb Code   144  stm32h7xx_ll_fmc.o(i.FMC_NORSRAM_Init)
    FMC_NORSRAM_Timing_Init                  0x08000d9d   Thumb Code   100  stm32h7xx_ll_fmc.o(i.FMC_NORSRAM_Timing_Init)
    HAL_ADCEx_EndOfSamplingCallback          0x08000e05   Thumb Code     2  stm32h7xx_hal_adc_ex_1.o(i.HAL_ADCEx_EndOfSamplingCallback)
    HAL_ADCEx_InjectedConvCpltCallback       0x08000e07   Thumb Code     2  stm32h7xx_hal_adc_ex_1.o(i.HAL_ADCEx_InjectedConvCpltCallback)
    HAL_ADCEx_InjectedQueueOverflowCallback  0x08000e09   Thumb Code     2  stm32h7xx_hal_adc_ex_1.o(i.HAL_ADCEx_InjectedQueueOverflowCallback)
    HAL_ADCEx_LevelOutOfWindow2Callback      0x08000e0b   Thumb Code     2  stm32h7xx_hal_adc_ex_1.o(i.HAL_ADCEx_LevelOutOfWindow2Callback)
    HAL_ADCEx_LevelOutOfWindow3Callback      0x08000e0d   Thumb Code     2  stm32h7xx_hal_adc_ex_1.o(i.HAL_ADCEx_LevelOutOfWindow3Callback)
    HAL_ADC_ConfigChannel                    0x08000e11   Thumb Code   926  stm32h7xx_hal_adc_1.o(i.HAL_ADC_ConfigChannel)
    HAL_ADC_ConvCpltCallback                 0x080011e9   Thumb Code    14  adc.o(i.HAL_ADC_ConvCpltCallback)
    HAL_ADC_ConvHalfCpltCallback             0x080011fd   Thumb Code     2  stm32h7xx_hal_adc_1.o(i.HAL_ADC_ConvHalfCpltCallback)
    HAL_ADC_ErrorCallback                    0x080011ff   Thumb Code     2  stm32h7xx_hal_adc_1.o(i.HAL_ADC_ErrorCallback)
    HAL_ADC_IRQHandler                       0x08001201   Thumb Code   640  stm32h7xx_hal_adc_1.o(i.HAL_ADC_IRQHandler)
    HAL_ADC_Init                             0x08001491   Thumb Code   498  stm32h7xx_hal_adc_1.o(i.HAL_ADC_Init)
    HAL_ADC_LevelOutOfWindowCallback         0x080016b9   Thumb Code     2  stm32h7xx_hal_adc_1.o(i.HAL_ADC_LevelOutOfWindowCallback)
    HAL_ADC_MspInit                          0x080016bd   Thumb Code   252  stm32h7xx_hal_msp_1.o(i.HAL_ADC_MspInit)
    HAL_ADC_Start_DMA                        0x080017d1   Thumb Code   230  stm32h7xx_hal_adc_1.o(i.HAL_ADC_Start_DMA)
    HAL_DMA_Abort                            0x080018d9   Thumb Code   836  stm32h7xx_hal_dma_1.o(i.HAL_DMA_Abort)
    HAL_DMA_Abort_IT                         0x08001c39   Thumb Code   602  stm32h7xx_hal_dma_1.o(i.HAL_DMA_Abort_IT)
    HAL_DMA_IRQHandler                       0x08001ebd   Thumb Code  1756  stm32h7xx_hal_dma_1.o(i.HAL_DMA_IRQHandler)
    HAL_DMA_Init                             0x080025a5   Thumb Code   926  stm32h7xx_hal_dma_1.o(i.HAL_DMA_Init)
    HAL_DMA_Start_IT                         0x08002969   Thumb Code   628  stm32h7xx_hal_dma_1.o(i.HAL_DMA_Start_IT)
    HAL_GPIO_Init                            0x08002c05   Thumb Code   506  stm32h7xx_hal_gpio_1.o(i.HAL_GPIO_Init)
    HAL_GPIO_WritePin                        0x08002e31   Thumb Code    10  stm32h7xx_hal_gpio_1.o(i.HAL_GPIO_WritePin)
    HAL_GetREVID                             0x08002e3d   Thumb Code     8  stm32h7xx_hal_1.o(i.HAL_GetREVID)
    HAL_GetTick                              0x08002e49   Thumb Code     6  stm32h7xx_hal_1.o(i.HAL_GetTick)
    HAL_IncTick                              0x08002e55   Thumb Code    12  stm32h7xx_hal_1.o(i.HAL_IncTick)
    HAL_Init                                 0x08002e65   Thumb Code    74  stm32h7xx_hal_1.o(i.HAL_Init)
    HAL_InitTick                             0x08002ec1   Thumb Code    56  stm32h7xx_hal_1.o(i.HAL_InitTick)
    HAL_MPU_ConfigRegion                     0x08002f01   Thumb Code    86  stm32h7xx_hal_cortex_1.o(i.HAL_MPU_ConfigRegion)
    HAL_MPU_Disable                          0x08002f5d   Thumb Code    24  stm32h7xx_hal_cortex_1.o(i.HAL_MPU_Disable)
    HAL_MPU_Enable                           0x08002f79   Thumb Code    30  stm32h7xx_hal_cortex_1.o(i.HAL_MPU_Enable)
    HAL_MspInit                              0x08002f9d   Thumb Code    22  stm32h7xx_hal_msp_1.o(i.HAL_MspInit)
    HAL_NVIC_EnableIRQ                       0x08002fb9   Thumb Code    26  stm32h7xx_hal_cortex_1.o(i.HAL_NVIC_EnableIRQ)
    HAL_NVIC_SetPriority                     0x08002fd5   Thumb Code    60  stm32h7xx_hal_cortex_1.o(i.HAL_NVIC_SetPriority)
    HAL_NVIC_SetPriorityGrouping             0x08003015   Thumb Code    28  stm32h7xx_hal_cortex_1.o(i.HAL_NVIC_SetPriorityGrouping)
    HAL_PWREx_ConfigSupply                   0x08003039   Thumb Code    78  stm32h7xx_hal_pwr_ex_1.o(i.HAL_PWREx_ConfigSupply)
    HAL_RCCEx_GetD3PCLK1Freq                 0x0800308d   Thumb Code    26  stm32h7xx_hal_rcc_ex_1.o(i.HAL_RCCEx_GetD3PCLK1Freq)
    HAL_RCCEx_GetPLL1ClockFreq               0x080030b1   Thumb Code   298  stm32h7xx_hal_rcc_ex_1.o(i.HAL_RCCEx_GetPLL1ClockFreq)
    HAL_RCCEx_GetPLL2ClockFreq               0x080031f9   Thumb Code   296  stm32h7xx_hal_rcc_ex_1.o(i.HAL_RCCEx_GetPLL2ClockFreq)
    HAL_RCCEx_GetPLL3ClockFreq               0x0800333d   Thumb Code   296  stm32h7xx_hal_rcc_ex_1.o(i.HAL_RCCEx_GetPLL3ClockFreq)
    HAL_RCCEx_GetPeriphCLKFreq               0x08003481   Thumb Code   692  stm32h7xx_hal_rcc_ex_1.o(i.HAL_RCCEx_GetPeriphCLKFreq)
    HAL_RCCEx_PeriphCLKConfig                0x08003749   Thumb Code  2472  stm32h7xx_hal_rcc_ex_1.o(i.HAL_RCCEx_PeriphCLKConfig)
    HAL_RCC_ClockConfig                      0x080040f5   Thumb Code   580  stm32h7xx_hal_rcc_1.o(i.HAL_RCC_ClockConfig)
    HAL_RCC_GetHCLKFreq                      0x08004351   Thumb Code    52  stm32h7xx_hal_rcc_1.o(i.HAL_RCC_GetHCLKFreq)
    HAL_RCC_GetPCLK1Freq                     0x08004395   Thumb Code    26  stm32h7xx_hal_rcc_1.o(i.HAL_RCC_GetPCLK1Freq)
    HAL_RCC_GetPCLK2Freq                     0x080043b9   Thumb Code    26  stm32h7xx_hal_rcc_1.o(i.HAL_RCC_GetPCLK2Freq)
    HAL_RCC_GetSysClockFreq                  0x080043dd   Thumb Code   278  stm32h7xx_hal_rcc_1.o(i.HAL_RCC_GetSysClockFreq)
    HAL_RCC_OscConfig                        0x08004515   Thumb Code  1410  stm32h7xx_hal_rcc_1.o(i.HAL_RCC_OscConfig)
    HAL_SRAM_Init                            0x08004a99   Thumb Code   102  stm32h7xx_hal_sram.o(i.HAL_SRAM_Init)
    HAL_SRAM_MspInit                         0x08004b05   Thumb Code   154  lcd.o(i.HAL_SRAM_MspInit)
    HAL_SYSTICK_CLKSourceConfig              0x08004bad   Thumb Code    24  stm32h7xx_hal_cortex_1.o(i.HAL_SYSTICK_CLKSourceConfig)
    HAL_SYSTICK_Config                       0x08004bc5   Thumb Code    38  stm32h7xx_hal_cortex_1.o(i.HAL_SYSTICK_Config)
    HAL_UARTEx_DisableFifoMode               0x08004beb   Thumb Code    64  stm32h7xx_hal_uart_ex_1.o(i.HAL_UARTEx_DisableFifoMode)
    HAL_UARTEx_RxEventCallback               0x08004c2b   Thumb Code     2  stm32h7xx_hal_uart_1.o(i.HAL_UARTEx_RxEventCallback)
    HAL_UARTEx_RxFifoFullCallback            0x08004c2d   Thumb Code     2  stm32h7xx_hal_uart_ex_1.o(i.HAL_UARTEx_RxFifoFullCallback)
    HAL_UARTEx_SetRxFifoThreshold            0x08004c2f   Thumb Code    76  stm32h7xx_hal_uart_ex_1.o(i.HAL_UARTEx_SetRxFifoThreshold)
    HAL_UARTEx_SetTxFifoThreshold            0x08004c7b   Thumb Code    76  stm32h7xx_hal_uart_ex_1.o(i.HAL_UARTEx_SetTxFifoThreshold)
    HAL_UARTEx_TxFifoEmptyCallback           0x08004cc7   Thumb Code     2  stm32h7xx_hal_uart_ex_1.o(i.HAL_UARTEx_TxFifoEmptyCallback)
    HAL_UARTEx_WakeupCallback                0x08004cc9   Thumb Code     2  stm32h7xx_hal_uart_ex_1.o(i.HAL_UARTEx_WakeupCallback)
    HAL_UART_ErrorCallback                   0x08004ccb   Thumb Code     2  stm32h7xx_hal_uart_1.o(i.HAL_UART_ErrorCallback)
    HAL_UART_IRQHandler                      0x08004ccd   Thumb Code   878  stm32h7xx_hal_uart_1.o(i.HAL_UART_IRQHandler)
    HAL_UART_Init                            0x08005055   Thumb Code   106  stm32h7xx_hal_uart_1.o(i.HAL_UART_Init)
    HAL_UART_MspInit                         0x080050c1   Thumb Code   228  stm32h7xx_hal_msp_1.o(i.HAL_UART_MspInit)
    HAL_UART_Receive_IT                      0x080051bd   Thumb Code    66  stm32h7xx_hal_uart_1.o(i.HAL_UART_Receive_IT)
    HAL_UART_RxCpltCallback                  0x08005205   Thumb Code     2  stm32h7xx_hal_uart_1.o(i.HAL_UART_RxCpltCallback)
    HAL_UART_TxCpltCallback                  0x08005207   Thumb Code     2  stm32h7xx_hal_uart_1.o(i.HAL_UART_TxCpltCallback)
    HardFault_Handler                        0x08005209   Thumb Code     2  stm32h7xx_it_1.o(i.HardFault_Handler)
    LCD_Clear                                0x0800520d   Thumb Code    20  lcd.o(i.LCD_Clear)
    LCD_Display_Dir                          0x08005225   Thumb Code   342  lcd.o(i.LCD_Display_Dir)
    LCD_Fast_DrawPoint                       0x08005381   Thumb Code   166  lcd.o(i.LCD_Fast_DrawPoint)
    LCD_Fill                                 0x08005431   Thumb Code   136  lcd.o(i.LCD_Fill)
    LCD_Init                                 0x080054c1   Thumb Code  5058  lcd.o(i.LCD_Init)
    LCD_Pow                                  0x08006889   Thumb Code    16  lcd.o(i.LCD_Pow)
    LCD_RD_DATA                              0x08006899   Thumb Code    16  lcd.o(i.LCD_RD_DATA)
    LCD_ReadReg                              0x080068ad   Thumb Code    20  lcd.o(i.LCD_ReadReg)
    LCD_SetCursor                            0x080068c1   Thumb Code   156  lcd.o(i.LCD_SetCursor)
    LCD_Set_Window                           0x08006961   Thumb Code   430  lcd.o(i.LCD_Set_Window)
    LCD_ShowChar                             0x08006b15   Thumb Code   204  lcd.o(i.LCD_ShowChar)
    LCD_ShowChinese                          0x08006bf9   Thumb Code    98  lcd.o(i.LCD_ShowChinese)
    LCD_ShowNum                              0x08006c61   Thumb Code   120  lcd.o(i.LCD_ShowNum)
    LCD_ShowString                           0x08006cd9   Thumb Code   100  lcd.o(i.LCD_ShowString)
    LCD_WR_DATA                              0x08006d41   Thumb Code    20  lcd.o(i.LCD_WR_DATA)
    LCD_WR_REG                               0x08006d59   Thumb Code    20  lcd.o(i.LCD_WR_REG)
    LCD_WriteRAM_Prepare                     0x08006d71   Thumb Code    10  lcd.o(i.LCD_WriteRAM_Prepare)
    LCD_WriteReg                             0x08006d85   Thumb Code    10  lcd.o(i.LCD_WriteReg)
    LED_Init                                 0x08006d95   Thumb Code    24  led.o(i.LED_Init)
    MPU_Memory_Protection                    0x08006deb   Thumb Code    48  system.o(i.MPU_Memory_Protection)
    MPU_Set_Protection                       0x08006e1b   Thumb Code    84  system.o(i.MPU_Set_Protection)
    MemManage_Handler                        0x08007045   Thumb Code     2  stm32h7xx_it_1.o(i.MemManage_Handler)
    NMI_Handler                              0x08007047   Thumb Code     2  stm32h7xx_it_1.o(i.NMI_Handler)
    PendSV_Handler                           0x08007049   Thumb Code     2  stm32h7xx_it_1.o(i.PendSV_Handler)
    SVC_Handler                              0x0800728d   Thumb Code     2  stm32h7xx_it_1.o(i.SVC_Handler)
    SysTick_Handler                          0x0800728f   Thumb Code     4  stm32h7xx_it_1.o(i.SysTick_Handler)
    SysTick_clkconfig                        0x08007295   Thumb Code    16  delay.o(i.SysTick_clkconfig)
    SystemClock_Config                       0x080072a9   Thumb Code   146  main_1.o(i.SystemClock_Config)
    SystemInit                               0x08007349   Thumb Code   180  system_stm32h7xx_1.o(i.SystemInit)
    UART_AdvFeatureConfig                    0x08007469   Thumb Code   200  stm32h7xx_hal_uart_1.o(i.UART_AdvFeatureConfig)
    UART_CheckIdleState                      0x08007531   Thumb Code   170  stm32h7xx_hal_uart_1.o(i.UART_CheckIdleState)
    UART_SetConfig                           0x08007b15   Thumb Code   876  stm32h7xx_hal_uart_1.o(i.UART_SetConfig)
    UART_Start_Receive_IT                    0x08007ec1   Thumb Code   256  stm32h7xx_hal_uart_1.o(i.UART_Start_Receive_IT)
    UART_WaitOnFlagUntilTimeout              0x08007fd1   Thumb Code   148  stm32h7xx_hal_uart_1.o(i.UART_WaitOnFlagUntilTimeout)
    USART1_IRQHandler                        0x08008065   Thumb Code     6  stm32h7xx_it_1.o(i.USART1_IRQHandler)
    Update_LCD_Display                       0x08008071   Thumb Code   168  adc.o(i.Update_LCD_Display)
    UsageFault_Handler                       0x08008125   Thumb Code     2  stm32h7xx_it_1.o(i.UsageFault_Handler)
    _sys_exit                                0x08008149   Thumb Code     2  usart.o(i._sys_exit)
    delay_ms                                 0x0800814b   Thumb Code    26  delay.o(i.delay_ms)
    delay_us                                 0x08008165   Thumb Code    48  delay.o(i.delay_us)
    main                                     0x08008199   Thumb Code   272  main_1.o(i.main)
    _fp_init                                 0x080082c5   Thumb Code    10  fpinit.o(x$fpl$fpinit)
    __fplib_config_fpu_vfp                   0x080082cd   Thumb Code     0  fpinit.o(x$fpl$fpinit)
    __fplib_config_pureend_doubles           0x080082cd   Thumb Code     0  fpinit.o(x$fpl$fpinit)
    HZ_NI                                    0x080082ce   Data        2760  lcd.o(.constdata)
    asc2_1206                                0x08008d96   Data        1140  lcd.o(.constdata)
    asc2_1608                                0x0800920a   Data        1520  lcd.o(.constdata)
    asc2_2412                                0x080097fa   Data        3420  lcd.o(.constdata)
    asc2_3216                                0x0800a556   Data       12160  lcd.o(.constdata)
    GPIO_PIN                                 0x0800d4d6   Data           6  led.o(.constdata)
    UARTPrescTable                           0x0800d4e4   Data          24  stm32h7xx_hal_uart_1.o(.constdata)
    D1CorePrescTable                         0x0800d50c   Data          16  system_stm32h7xx_1.o(.constdata)
    Region$$Table$$Base                      0x0800d51c   Number         0  anon$$obj.o(Region$$Table)
    Region$$Table$$Limit                     0x0800d53c   Number         0  anon$$obj.o(Region$$Table)
    aRxBuffer                                0x24000004   Data           1  usart.o(.data)
    adc_buffer                               0x24000006   Data           8  adc.o(.data)
    POINT_COLOR                              0x24000010   Data           4  lcd.o(.data)
    BACK_COLOR                               0x24000014   Data           4  lcd.o(.data)
    GPIO_PORT                                0x24000018   Data          12  led.o(.data)
    uwTickFreq                               0x24000024   Data           1  stm32h7xx_hal_1.o(.data)
    uwTickPrio                               0x24000028   Data           4  stm32h7xx_hal_1.o(.data)
    uwTick                                   0x2400002c   Data           4  stm32h7xx_hal_1.o(.data)
    SystemCoreClock                          0x24000030   Data           4  system_stm32h7xx_1.o(.data)
    SystemD2Clock                            0x24000034   Data           4  system_stm32h7xx_1.o(.data)
    huart1                                   0x24000038   Data         148  main_1.o(.bss)
    hdma_usart1_rx                           0x240000cc   Data         120  main_1.o(.bss)
    hdma_usart1_tx                           0x24000144   Data         120  main_1.o(.bss)
    hadc2                                    0x240001bc   Data         100  adc.o(.bss)
    hdma_adc2                                0x24000220   Data         120  dma.o(.bss)
    SRAM_Handler                             0x24000298   Data          76  lcd.o(.bss)
    lcddev                                   0x240002e4   Data          16  lcd.o(.bss)
    __libspace_start                         0x240002f4   Data          96  libspace.o(.bss)
    __temporary_stack_top$libspace           0x24000354   Data           0  libspace.o(.bss)



==============================================================================

Memory Map of the image

  Image Entry point : 0x08000299

  Load Region LR_IROM1 (Base: 0x08000000, Size: 0x0000d574, Max: 0x00020000, ABSOLUTE)

    Execution Region ER_IROM1 (Exec base: 0x08000000, Load base: 0x08000000, Size: 0x0000d53c, Max: 0x00020000, ABSOLUTE)

    Exec Addr    Load Addr    Size         Type   Attr      Idx    E Section Name        Object

    0x08000000   0x08000000   0x00000298   Data   RO         4594    RESET               startup_stm32h750xx.o
    0x08000298   0x08000298   0x00000008   Code   RO         4609  * !!!main             c_w.l(__main.o)
    0x080002a0   0x080002a0   0x00000034   Code   RO         4776    !!!scatter          c_w.l(__scatter.o)
    0x080002d4   0x080002d4   0x0000001a   Code   RO         4778    !!handler_copy      c_w.l(__scatter_copy.o)
    0x080002ee   0x080002ee   0x00000002   PAD
    0x080002f0   0x080002f0   0x0000001c   Code   RO         4780    !!handler_zi        c_w.l(__scatter_zi.o)
    0x0800030c   0x0800030c   0x00000002   Code   RO         4648    .ARM.Collect$$libinit$$00000000  c_w.l(libinit.o)
    0x0800030e   0x0800030e   0x00000004   Code   RO         4660    .ARM.Collect$$libinit$$00000001  c_w.l(libinit2.o)
    0x08000312   0x08000312   0x00000000   Code   RO         4663    .ARM.Collect$$libinit$$00000004  c_w.l(libinit2.o)
    0x08000312   0x08000312   0x00000000   Code   RO         4666    .ARM.Collect$$libinit$$0000000A  c_w.l(libinit2.o)
    0x08000312   0x08000312   0x00000000   Code   RO         4668    .ARM.Collect$$libinit$$0000000C  c_w.l(libinit2.o)
    0x08000312   0x08000312   0x00000000   Code   RO         4670    .ARM.Collect$$libinit$$0000000E  c_w.l(libinit2.o)
    0x08000312   0x08000312   0x00000000   Code   RO         4673    .ARM.Collect$$libinit$$00000011  c_w.l(libinit2.o)
    0x08000312   0x08000312   0x00000000   Code   RO         4675    .ARM.Collect$$libinit$$00000013  c_w.l(libinit2.o)
    0x08000312   0x08000312   0x00000000   Code   RO         4677    .ARM.Collect$$libinit$$00000015  c_w.l(libinit2.o)
    0x08000312   0x08000312   0x00000000   Code   RO         4679    .ARM.Collect$$libinit$$00000017  c_w.l(libinit2.o)
    0x08000312   0x08000312   0x00000000   Code   RO         4681    .ARM.Collect$$libinit$$00000019  c_w.l(libinit2.o)
    0x08000312   0x08000312   0x00000000   Code   RO         4683    .ARM.Collect$$libinit$$0000001B  c_w.l(libinit2.o)
    0x08000312   0x08000312   0x00000000   Code   RO         4685    .ARM.Collect$$libinit$$0000001D  c_w.l(libinit2.o)
    0x08000312   0x08000312   0x00000000   Code   RO         4687    .ARM.Collect$$libinit$$0000001F  c_w.l(libinit2.o)
    0x08000312   0x08000312   0x00000000   Code   RO         4689    .ARM.Collect$$libinit$$00000021  c_w.l(libinit2.o)
    0x08000312   0x08000312   0x00000000   Code   RO         4691    .ARM.Collect$$libinit$$00000023  c_w.l(libinit2.o)
    0x08000312   0x08000312   0x00000000   Code   RO         4693    .ARM.Collect$$libinit$$00000025  c_w.l(libinit2.o)
    0x08000312   0x08000312   0x00000000   Code   RO         4697    .ARM.Collect$$libinit$$0000002C  c_w.l(libinit2.o)
    0x08000312   0x08000312   0x00000000   Code   RO         4699    .ARM.Collect$$libinit$$0000002E  c_w.l(libinit2.o)
    0x08000312   0x08000312   0x00000000   Code   RO         4701    .ARM.Collect$$libinit$$00000030  c_w.l(libinit2.o)
    0x08000312   0x08000312   0x00000000   Code   RO         4703    .ARM.Collect$$libinit$$00000032  c_w.l(libinit2.o)
    0x08000312   0x08000312   0x00000002   Code   RO         4704    .ARM.Collect$$libinit$$00000033  c_w.l(libinit2.o)
    0x08000314   0x08000314   0x00000002   Code   RO         4730    .ARM.Collect$$libshutdown$$00000000  c_w.l(libshutdown.o)
    0x08000316   0x08000316   0x00000000   Code   RO         4757    .ARM.Collect$$libshutdown$$00000002  c_w.l(libshutdown2.o)
    0x08000316   0x08000316   0x00000000   Code   RO         4759    .ARM.Collect$$libshutdown$$00000004  c_w.l(libshutdown2.o)
    0x08000316   0x08000316   0x00000000   Code   RO         4761    .ARM.Collect$$libshutdown$$00000006  c_w.l(libshutdown2.o)
    0x08000316   0x08000316   0x00000000   Code   RO         4764    .ARM.Collect$$libshutdown$$00000009  c_w.l(libshutdown2.o)
    0x08000316   0x08000316   0x00000000   Code   RO         4767    .ARM.Collect$$libshutdown$$0000000C  c_w.l(libshutdown2.o)
    0x08000316   0x08000316   0x00000000   Code   RO         4769    .ARM.Collect$$libshutdown$$0000000E  c_w.l(libshutdown2.o)
    0x08000316   0x08000316   0x00000000   Code   RO         4772    .ARM.Collect$$libshutdown$$00000011  c_w.l(libshutdown2.o)
    0x08000316   0x08000316   0x00000002   Code   RO         4773    .ARM.Collect$$libshutdown$$00000012  c_w.l(libshutdown2.o)
    0x08000318   0x08000318   0x00000000   Code   RO         4613    .ARM.Collect$$rtentry$$00000000  c_w.l(__rtentry.o)
    0x08000318   0x08000318   0x00000000   Code   RO         4619    .ARM.Collect$$rtentry$$00000002  c_w.l(__rtentry2.o)
    0x08000318   0x08000318   0x00000006   Code   RO         4631    .ARM.Collect$$rtentry$$00000004  c_w.l(__rtentry4.o)
    0x0800031e   0x0800031e   0x00000000   Code   RO         4621    .ARM.Collect$$rtentry$$00000009  c_w.l(__rtentry2.o)
    0x0800031e   0x0800031e   0x00000004   Code   RO         4622    .ARM.Collect$$rtentry$$0000000A  c_w.l(__rtentry2.o)
    0x08000322   0x08000322   0x00000000   Code   RO         4624    .ARM.Collect$$rtentry$$0000000C  c_w.l(__rtentry2.o)
    0x08000322   0x08000322   0x00000008   Code   RO         4625    .ARM.Collect$$rtentry$$0000000D  c_w.l(__rtentry2.o)
    0x0800032a   0x0800032a   0x00000002   Code   RO         4652    .ARM.Collect$$rtexit$$00000000  c_w.l(rtexit.o)
    0x0800032c   0x0800032c   0x00000000   Code   RO         4706    .ARM.Collect$$rtexit$$00000002  c_w.l(rtexit2.o)
    0x0800032c   0x0800032c   0x00000004   Code   RO         4707    .ARM.Collect$$rtexit$$00000003  c_w.l(rtexit2.o)
    0x08000330   0x08000330   0x00000006   Code   RO         4708    .ARM.Collect$$rtexit$$00000004  c_w.l(rtexit2.o)
    0x08000336   0x08000336   0x00000002   PAD
    0x08000338   0x08000338   0x00000040   Code   RO         4595    .text               startup_stm32h750xx.o
    0x08000378   0x08000378   0x00000002   Code   RO         4601    .text               c_w.l(use_no_semi_2.o)
    0x0800037a   0x0800037a   0x000000ee   Code   RO         4603    .text               c_w.l(lludivv7m.o)
    0x08000468   0x08000468   0x0000004e   Code   RO         4605    .text               c_w.l(rt_memclr_w.o)
    0x080004b6   0x080004b6   0x00000006   Code   RO         4607    .text               c_w.l(heapauxi.o)
    0x080004bc   0x080004bc   0x00000002   Code   RO         4611    .text               c_w.l(use_no_semi.o)
    0x080004be   0x080004be   0x0000004a   Code   RO         4635    .text               c_w.l(sys_stackheap_outer.o)
    0x08000508   0x08000508   0x00000012   Code   RO         4637    .text               c_w.l(exit.o)
    0x0800051a   0x0800051a   0x00000002   PAD
    0x0800051c   0x0800051c   0x00000008   Code   RO         4649    .text               c_w.l(libspace.o)
    0x08000524   0x08000524   0x00000108   Code   RO          858    i.ADC_ConfigureBoostMode  stm32h7xx_hal_adc_1.o
    0x0800062c   0x0800062c   0x00000068   Code   RO          860    i.ADC_DMAConvCplt   stm32h7xx_hal_adc_1.o
    0x08000694   0x08000694   0x0000001a   Code   RO          861    i.ADC_DMAError      stm32h7xx_hal_adc_1.o
    0x080006ae   0x080006ae   0x0000000a   Code   RO          862    i.ADC_DMAHalfConvCplt  stm32h7xx_hal_adc_1.o
    0x080006b8   0x080006b8   0x000000a8   Code   RO          864    i.ADC_Enable        stm32h7xx_hal_adc_1.o
    0x08000760   0x08000760   0x0000000c   Code   RO          215    i.ADC_IRQHandler    stm32h7xx_it_1.o
    0x0800076c   0x0800076c   0x00000060   Code   RO          821    i.BSP_LED_Init      led.o
    0x080007cc   0x080007cc   0x00000002   Code   RO          216    i.BusFault_Handler  stm32h7xx_it_1.o
    0x080007ce   0x080007ce   0x00000002   PAD
    0x080007d0   0x080007d0   0x00000094   Code   RO          378    i.CPU_CACHE_Enable  system.o
    0x08000864   0x08000864   0x0000000c   Code   RO          217    i.DMA1_Stream0_IRQHandler  stm32h7xx_it_1.o
    0x08000870   0x08000870   0x0000000c   Code   RO          218    i.DMA1_Stream1_IRQHandler  stm32h7xx_it_1.o
    0x0800087c   0x0800087c   0x0000000c   Code   RO          219    i.DMA1_Stream2_IRQHandler  stm32h7xx_it_1.o
    0x08000888   0x08000888   0x000000b4   Code   RO         1929    i.DMA_CalcBaseAndBitshift  stm32h7xx_hal_dma_1.o
    0x0800093c   0x0800093c   0x0000009c   Code   RO         1930    i.DMA_CalcDMAMUXChannelBaseAndMask  stm32h7xx_hal_dma_1.o
    0x080009d8   0x080009d8   0x00000074   Code   RO         1931    i.DMA_CalcDMAMUXRequestGenBaseAndMask  stm32h7xx_hal_dma_1.o
    0x08000a4c   0x08000a4c   0x00000054   Code   RO         1932    i.DMA_CheckFifoParam  stm32h7xx_hal_dma_1.o
    0x08000aa0   0x08000aa0   0x00000220   Code   RO         1933    i.DMA_SetConfig     stm32h7xx_hal_dma_1.o
    0x08000cc0   0x08000cc0   0x00000002   Code   RO          220    i.DebugMon_Handler  stm32h7xx_it_1.o
    0x08000cc2   0x08000cc2   0x00000004   Code   RO            4    i.Error_Handler     main_1.o
    0x08000cc6   0x08000cc6   0x00000002   PAD
    0x08000cc8   0x08000cc8   0x00000040   Code   RO         3707    i.FMC_NORSRAM_Extended_Timing_Init  stm32h7xx_ll_fmc.o
    0x08000d08   0x08000d08   0x00000094   Code   RO         3708    i.FMC_NORSRAM_Init  stm32h7xx_ll_fmc.o
    0x08000d9c   0x08000d9c   0x00000068   Code   RO         3709    i.FMC_NORSRAM_Timing_Init  stm32h7xx_ll_fmc.o
    0x08000e04   0x08000e04   0x00000002   Code   RO         1084    i.HAL_ADCEx_EndOfSamplingCallback  stm32h7xx_hal_adc_ex_1.o
    0x08000e06   0x08000e06   0x00000002   Code   RO         1087    i.HAL_ADCEx_InjectedConvCpltCallback  stm32h7xx_hal_adc_ex_1.o
    0x08000e08   0x08000e08   0x00000002   Code   RO         1090    i.HAL_ADCEx_InjectedQueueOverflowCallback  stm32h7xx_hal_adc_ex_1.o
    0x08000e0a   0x08000e0a   0x00000002   Code   RO         1095    i.HAL_ADCEx_LevelOutOfWindow2Callback  stm32h7xx_hal_adc_ex_1.o
    0x08000e0c   0x08000e0c   0x00000002   Code   RO         1096    i.HAL_ADCEx_LevelOutOfWindow3Callback  stm32h7xx_hal_adc_ex_1.o
    0x08000e0e   0x08000e0e   0x00000002   PAD
    0x08000e10   0x08000e10   0x000003d8   Code   RO          866    i.HAL_ADC_ConfigChannel  stm32h7xx_hal_adc_1.o
    0x080011e8   0x080011e8   0x00000014   Code   RO          523    i.HAL_ADC_ConvCpltCallback  adc.o
    0x080011fc   0x080011fc   0x00000002   Code   RO          868    i.HAL_ADC_ConvHalfCpltCallback  stm32h7xx_hal_adc_1.o
    0x080011fe   0x080011fe   0x00000002   Code   RO          870    i.HAL_ADC_ErrorCallback  stm32h7xx_hal_adc_1.o
    0x08001200   0x08001200   0x00000290   Code   RO          874    i.HAL_ADC_IRQHandler  stm32h7xx_hal_adc_1.o
    0x08001490   0x08001490   0x00000228   Code   RO          875    i.HAL_ADC_Init      stm32h7xx_hal_adc_1.o
    0x080016b8   0x080016b8   0x00000002   Code   RO          876    i.HAL_ADC_LevelOutOfWindowCallback  stm32h7xx_hal_adc_1.o
    0x080016ba   0x080016ba   0x00000002   PAD
    0x080016bc   0x080016bc   0x00000114   Code   RO          322    i.HAL_ADC_MspInit   stm32h7xx_hal_msp_1.o
    0x080017d0   0x080017d0   0x00000108   Code   RO          882    i.HAL_ADC_Start_DMA  stm32h7xx_hal_adc_1.o
    0x080018d8   0x080018d8   0x00000360   Code   RO         1934    i.HAL_DMA_Abort     stm32h7xx_hal_dma_1.o
    0x08001c38   0x08001c38   0x00000284   Code   RO         1935    i.HAL_DMA_Abort_IT  stm32h7xx_hal_dma_1.o
    0x08001ebc   0x08001ebc   0x000006e8   Code   RO         1939    i.HAL_DMA_IRQHandler  stm32h7xx_hal_dma_1.o
    0x080025a4   0x080025a4   0x000003c4   Code   RO         1940    i.HAL_DMA_Init      stm32h7xx_hal_dma_1.o
    0x08002968   0x08002968   0x0000029c   Code   RO         1944    i.HAL_DMA_Start_IT  stm32h7xx_hal_dma_1.o
    0x08002c04   0x08002c04   0x0000022c   Code   RO         1782    i.HAL_GPIO_Init     stm32h7xx_hal_gpio_1.o
    0x08002e30   0x08002e30   0x0000000a   Code   RO         1786    i.HAL_GPIO_WritePin  stm32h7xx_hal_gpio_1.o
    0x08002e3a   0x08002e3a   0x00000002   PAD
    0x08002e3c   0x08002e3c   0x0000000c   Code   RO         2807    i.HAL_GetREVID      stm32h7xx_hal_1.o
    0x08002e48   0x08002e48   0x0000000c   Code   RO         2808    i.HAL_GetTick       stm32h7xx_hal_1.o
    0x08002e54   0x08002e54   0x00000010   Code   RO         2814    i.HAL_IncTick       stm32h7xx_hal_1.o
    0x08002e64   0x08002e64   0x0000005c   Code   RO         2815    i.HAL_Init          stm32h7xx_hal_1.o
    0x08002ec0   0x08002ec0   0x00000040   Code   RO         2816    i.HAL_InitTick      stm32h7xx_hal_1.o
    0x08002f00   0x08002f00   0x0000005c   Code   RO         2637    i.HAL_MPU_ConfigRegion  stm32h7xx_hal_cortex_1.o
    0x08002f5c   0x08002f5c   0x0000001c   Code   RO         2638    i.HAL_MPU_Disable   stm32h7xx_hal_cortex_1.o
    0x08002f78   0x08002f78   0x00000024   Code   RO         2640    i.HAL_MPU_Enable    stm32h7xx_hal_cortex_1.o
    0x08002f9c   0x08002f9c   0x0000001c   Code   RO          323    i.HAL_MspInit       stm32h7xx_hal_msp_1.o
    0x08002fb8   0x08002fb8   0x0000001a   Code   RO         2644    i.HAL_NVIC_EnableIRQ  stm32h7xx_hal_cortex_1.o
    0x08002fd2   0x08002fd2   0x00000002   PAD
    0x08002fd4   0x08002fd4   0x00000040   Code   RO         2650    i.HAL_NVIC_SetPriority  stm32h7xx_hal_cortex_1.o
    0x08003014   0x08003014   0x00000024   Code   RO         2651    i.HAL_NVIC_SetPriorityGrouping  stm32h7xx_hal_cortex_1.o
    0x08003038   0x08003038   0x00000054   Code   RO         2383    i.HAL_PWREx_ConfigSupply  stm32h7xx_hal_pwr_ex_1.o
    0x0800308c   0x0800308c   0x00000024   Code   RO         1425    i.HAL_RCCEx_GetD3PCLK1Freq  stm32h7xx_hal_rcc_ex_1.o
    0x080030b0   0x080030b0   0x00000148   Code   RO         1426    i.HAL_RCCEx_GetPLL1ClockFreq  stm32h7xx_hal_rcc_ex_1.o
    0x080031f8   0x080031f8   0x00000144   Code   RO         1427    i.HAL_RCCEx_GetPLL2ClockFreq  stm32h7xx_hal_rcc_ex_1.o
    0x0800333c   0x0800333c   0x00000144   Code   RO         1428    i.HAL_RCCEx_GetPLL3ClockFreq  stm32h7xx_hal_rcc_ex_1.o
    0x08003480   0x08003480   0x000002c8   Code   RO         1430    i.HAL_RCCEx_GetPeriphCLKFreq  stm32h7xx_hal_rcc_ex_1.o
    0x08003748   0x08003748   0x000009ac   Code   RO         1434    i.HAL_RCCEx_PeriphCLKConfig  stm32h7xx_hal_rcc_ex_1.o
    0x080040f4   0x080040f4   0x0000025c   Code   RO         1310    i.HAL_RCC_ClockConfig  stm32h7xx_hal_rcc_1.o
    0x08004350   0x08004350   0x00000044   Code   RO         1315    i.HAL_RCC_GetHCLKFreq  stm32h7xx_hal_rcc_1.o
    0x08004394   0x08004394   0x00000024   Code   RO         1317    i.HAL_RCC_GetPCLK1Freq  stm32h7xx_hal_rcc_1.o
    0x080043b8   0x080043b8   0x00000024   Code   RO         1318    i.HAL_RCC_GetPCLK2Freq  stm32h7xx_hal_rcc_1.o
    0x080043dc   0x080043dc   0x00000138   Code   RO         1319    i.HAL_RCC_GetSysClockFreq  stm32h7xx_hal_rcc_1.o
    0x08004514   0x08004514   0x00000582   Code   RO         1322    i.HAL_RCC_OscConfig  stm32h7xx_hal_rcc_1.o
    0x08004a96   0x08004a96   0x00000002   PAD
    0x08004a98   0x08004a98   0x0000006c   Code   RO         3853    i.HAL_SRAM_Init     stm32h7xx_hal_sram.o
    0x08004b04   0x08004b04   0x000000a8   Code   RO          606    i.HAL_SRAM_MspInit  lcd.o
    0x08004bac   0x08004bac   0x00000018   Code   RO         2653    i.HAL_SYSTICK_CLKSourceConfig  stm32h7xx_hal_cortex_1.o
    0x08004bc4   0x08004bc4   0x00000026   Code   RO         2655    i.HAL_SYSTICK_Config  stm32h7xx_hal_cortex_1.o
    0x08004bea   0x08004bea   0x00000040   Code   RO         4440    i.HAL_UARTEx_DisableFifoMode  stm32h7xx_hal_uart_ex_1.o
    0x08004c2a   0x08004c2a   0x00000002   Code   RO         4029    i.HAL_UARTEx_RxEventCallback  stm32h7xx_hal_uart_1.o
    0x08004c2c   0x08004c2c   0x00000002   Code   RO         4448    i.HAL_UARTEx_RxFifoFullCallback  stm32h7xx_hal_uart_ex_1.o
    0x08004c2e   0x08004c2e   0x0000004c   Code   RO         4449    i.HAL_UARTEx_SetRxFifoThreshold  stm32h7xx_hal_uart_ex_1.o
    0x08004c7a   0x08004c7a   0x0000004c   Code   RO         4450    i.HAL_UARTEx_SetTxFifoThreshold  stm32h7xx_hal_uart_ex_1.o
    0x08004cc6   0x08004cc6   0x00000002   Code   RO         4452    i.HAL_UARTEx_TxFifoEmptyCallback  stm32h7xx_hal_uart_ex_1.o
    0x08004cc8   0x08004cc8   0x00000002   Code   RO         4453    i.HAL_UARTEx_WakeupCallback  stm32h7xx_hal_uart_ex_1.o
    0x08004cca   0x08004cca   0x00000002   Code   RO         4045    i.HAL_UART_ErrorCallback  stm32h7xx_hal_uart_1.o
    0x08004ccc   0x08004ccc   0x00000388   Code   RO         4048    i.HAL_UART_IRQHandler  stm32h7xx_hal_uart_1.o
    0x08005054   0x08005054   0x0000006a   Code   RO         4049    i.HAL_UART_Init     stm32h7xx_hal_uart_1.o
    0x080050be   0x080050be   0x00000002   PAD
    0x080050c0   0x080050c0   0x000000fc   Code   RO          326    i.HAL_UART_MspInit  stm32h7xx_hal_msp_1.o
    0x080051bc   0x080051bc   0x00000048   Code   RO         4054    i.HAL_UART_Receive_IT  stm32h7xx_hal_uart_1.o
    0x08005204   0x08005204   0x00000002   Code   RO         4056    i.HAL_UART_RxCpltCallback  stm32h7xx_hal_uart_1.o
    0x08005206   0x08005206   0x00000002   Code   RO         4061    i.HAL_UART_TxCpltCallback  stm32h7xx_hal_uart_1.o
    0x08005208   0x08005208   0x00000002   Code   RO          221    i.HardFault_Handler  stm32h7xx_it_1.o
    0x0800520a   0x0800520a   0x00000002   PAD
    0x0800520c   0x0800520c   0x00000018   Code   RO          608    i.LCD_Clear         lcd.o
    0x08005224   0x08005224   0x0000015c   Code   RO          612    i.LCD_Display_Dir   lcd.o
    0x08005380   0x08005380   0x000000b0   Code   RO          617    i.LCD_Fast_DrawPoint  lcd.o
    0x08005430   0x08005430   0x00000090   Code   RO          618    i.LCD_Fill          lcd.o
    0x080054c0   0x080054c0   0x000013c8   Code   RO          619    i.LCD_Init          lcd.o
    0x08006888   0x08006888   0x00000010   Code   RO          620    i.LCD_Pow           lcd.o
    0x08006898   0x08006898   0x00000014   Code   RO          621    i.LCD_RD_DATA       lcd.o
    0x080068ac   0x080068ac   0x00000014   Code   RO          623    i.LCD_ReadReg       lcd.o
    0x080068c0   0x080068c0   0x000000a0   Code   RO          624    i.LCD_SetCursor     lcd.o
    0x08006960   0x08006960   0x000001b4   Code   RO          625    i.LCD_Set_Window    lcd.o
    0x08006b14   0x08006b14   0x000000e4   Code   RO          626    i.LCD_ShowChar      lcd.o
    0x08006bf8   0x08006bf8   0x00000068   Code   RO          627    i.LCD_ShowChinese   lcd.o
    0x08006c60   0x08006c60   0x00000078   Code   RO          629    i.LCD_ShowNum       lcd.o
    0x08006cd8   0x08006cd8   0x00000068   Code   RO          630    i.LCD_ShowString    lcd.o
    0x08006d40   0x08006d40   0x00000018   Code   RO          632    i.LCD_WR_DATA       lcd.o
    0x08006d58   0x08006d58   0x00000018   Code   RO          633    i.LCD_WR_REG        lcd.o
    0x08006d70   0x08006d70   0x00000014   Code   RO          635    i.LCD_WriteRAM_Prepare  lcd.o
    0x08006d84   0x08006d84   0x00000010   Code   RO          636    i.LCD_WriteReg      lcd.o
    0x08006d94   0x08006d94   0x00000018   Code   RO          822    i.LED_Init          led.o
    0x08006dac   0x08006dac   0x00000008   Code   RO          887    i.LL_ADC_INJ_IsConversionOngoing  stm32h7xx_hal_adc_1.o
    0x08006db4   0x08006db4   0x00000008   Code   RO          888    i.LL_ADC_REG_IsConversionOngoing  stm32h7xx_hal_adc_1.o
    0x08006dbc   0x08006dbc   0x00000010   Code   RO          889    i.LL_ADC_REG_IsTriggerSourceSWStart  stm32h7xx_hal_adc_1.o
    0x08006dcc   0x08006dcc   0x0000001e   Code   RO          891    i.LL_ADC_SetChannelSamplingTime  stm32h7xx_hal_adc_1.o
    0x08006dea   0x08006dea   0x00000030   Code   RO          379    i.MPU_Memory_Protection  system.o
    0x08006e1a   0x08006e1a   0x00000054   Code   RO          380    i.MPU_Set_Protection  system.o
    0x08006e6e   0x08006e6e   0x00000002   PAD
    0x08006e70   0x08006e70   0x000000d4   Code   RO            5    i.MX_ADC2_Init      main_1.o
    0x08006f44   0x08006f44   0x00000090   Code   RO            6    i.MX_GPIO_Init      main_1.o
    0x08006fd4   0x08006fd4   0x00000070   Code   RO            7    i.MX_USART1_UART_Init  main_1.o
    0x08007044   0x08007044   0x00000002   Code   RO          222    i.MemManage_Handler  stm32h7xx_it_1.o
    0x08007046   0x08007046   0x00000002   Code   RO          223    i.NMI_Handler       stm32h7xx_it_1.o
    0x08007048   0x08007048   0x00000002   Code   RO          224    i.PendSV_Handler    stm32h7xx_it_1.o
    0x0800704a   0x0800704a   0x00000002   PAD
    0x0800704c   0x0800704c   0x00000120   Code   RO         1437    i.RCCEx_PLL2_Config  stm32h7xx_hal_rcc_ex_1.o
    0x0800716c   0x0800716c   0x00000120   Code   RO         1438    i.RCCEx_PLL3_Config  stm32h7xx_hal_rcc_ex_1.o
    0x0800728c   0x0800728c   0x00000002   Code   RO          225    i.SVC_Handler       stm32h7xx_it_1.o
    0x0800728e   0x0800728e   0x00000004   Code   RO          226    i.SysTick_Handler   stm32h7xx_it_1.o
    0x08007292   0x08007292   0x00000002   PAD
    0x08007294   0x08007294   0x00000014   Code   RO          421    i.SysTick_clkconfig  delay.o
    0x080072a8   0x080072a8   0x000000a0   Code   RO            8    i.SystemClock_Config  main_1.o
    0x08007348   0x08007348   0x000000dc   Code   RO         4559    i.SystemInit        system_stm32h7xx_1.o
    0x08007424   0x08007424   0x00000044   Code   RO         4454    i.UARTEx_SetNbDataToProcess  stm32h7xx_hal_uart_ex_1.o
    0x08007468   0x08007468   0x000000c8   Code   RO         4063    i.UART_AdvFeatureConfig  stm32h7xx_hal_uart_1.o
    0x08007530   0x08007530   0x000000aa   Code   RO         4064    i.UART_CheckIdleState  stm32h7xx_hal_uart_1.o
    0x080075da   0x080075da   0x00000014   Code   RO         4065    i.UART_DMAAbortOnError  stm32h7xx_hal_uart_1.o
    0x080075ee   0x080075ee   0x00000002   PAD
    0x080075f0   0x080075f0   0x00000054   Code   RO         4075    i.UART_EndRxTransfer  stm32h7xx_hal_uart_1.o
    0x08007644   0x08007644   0x000000c8   Code   RO         4077    i.UART_RxISR_16BIT  stm32h7xx_hal_uart_1.o
    0x0800770c   0x0800770c   0x000001a0   Code   RO         4078    i.UART_RxISR_16BIT_FIFOEN  stm32h7xx_hal_uart_1.o
    0x080078ac   0x080078ac   0x000000c8   Code   RO         4079    i.UART_RxISR_8BIT   stm32h7xx_hal_uart_1.o
    0x08007974   0x08007974   0x000001a0   Code   RO         4080    i.UART_RxISR_8BIT_FIFOEN  stm32h7xx_hal_uart_1.o
    0x08007b14   0x08007b14   0x000003ac   Code   RO         4081    i.UART_SetConfig    stm32h7xx_hal_uart_1.o
    0x08007ec0   0x08007ec0   0x00000110   Code   RO         4083    i.UART_Start_Receive_IT  stm32h7xx_hal_uart_1.o
    0x08007fd0   0x08007fd0   0x00000094   Code   RO         4088    i.UART_WaitOnFlagUntilTimeout  stm32h7xx_hal_uart_1.o
    0x08008064   0x08008064   0x0000000c   Code   RO          227    i.USART1_IRQHandler  stm32h7xx_it_1.o
    0x08008070   0x08008070   0x000000b4   Code   RO          525    i.Update_LCD_Display  adc.o
    0x08008124   0x08008124   0x00000002   Code   RO          228    i.UsageFault_Handler  stm32h7xx_it_1.o
    0x08008126   0x08008126   0x00000022   Code   RO         2657    i.__NVIC_SetPriority  stm32h7xx_hal_cortex_1.o
    0x08008148   0x08008148   0x00000002   Code   RO          463    i._sys_exit         usart.o
    0x0800814a   0x0800814a   0x0000001a   Code   RO          422    i.delay_ms          delay.o
    0x08008164   0x08008164   0x00000034   Code   RO          423    i.delay_us          delay.o
    0x08008198   0x08008198   0x0000012c   Code   RO            9    i.main              main_1.o
    0x080082c4   0x080082c4   0x0000000a   Code   RO         4718    x$fpl$fpinit        fz_wv.l(fpinit.o)
    0x080082ce   0x080082ce   0x00005208   Data   RO          639    .constdata          lcd.o
    0x0800d4d6   0x0800d4d6   0x00000006   Data   RO          823    .constdata          led.o
    0x0800d4dc   0x0800d4dc   0x00000008   Data   RO         1946    .constdata          stm32h7xx_hal_dma_1.o
    0x0800d4e4   0x0800d4e4   0x00000018   Data   RO         4089    .constdata          stm32h7xx_hal_uart_1.o
    0x0800d4fc   0x0800d4fc   0x00000010   Data   RO         4455    .constdata          stm32h7xx_hal_uart_ex_1.o
    0x0800d50c   0x0800d50c   0x00000010   Data   RO         4560    .constdata          system_stm32h7xx_1.o
    0x0800d51c   0x0800d51c   0x00000020   Data   RO         4774    Region$$Table       anon$$obj.o


    Execution Region RW_IRAM1 (Exec base: 0x20000000, Load base: 0x0800d53c, Size: 0x00000000, Max: 0x00020000, ABSOLUTE)

    **** No section assigned to this execution region ****


    Execution Region RW_IRAM2 (Exec base: 0x24000000, Load base: 0x0800d53c, Size: 0x00000958, Max: 0x00080000, ABSOLUTE)

    Exec Addr    Load Addr    Size         Type   Attr      Idx    E Section Name        Object

    0x24000000   0x0800d53c   0x00000004   Data   RW          424    .data               delay.o
    0x24000004   0x0800d540   0x00000001   Data   RW          469    .data               usart.o
    0x24000005   0x0800d541   0x00000001   PAD
    0x24000006   0x0800d542   0x00000008   Data   RW          527    .data               adc.o
    0x2400000e   0x0800d54a   0x00000002   PAD
    0x24000010   0x0800d54c   0x00000008   Data   RW          640    .data               lcd.o
    0x24000018   0x0800d554   0x0000000c   Data   RW          824    .data               led.o
    0x24000024   0x0800d560   0x0000000c   Data   RW         2837    .data               stm32h7xx_hal_1.o
    0x24000030   0x0800d56c   0x00000008   Data   RW         4561    .data               system_stm32h7xx_1.o
    0x24000038        -       0x00000094   Zero   RW           10    .bss                main_1.o
    0x240000cc        -       0x00000078   Zero   RW           11    .bss                main_1.o
    0x24000144        -       0x00000078   Zero   RW           12    .bss                main_1.o
    0x240001bc        -       0x00000064   Zero   RW          526    .bss                adc.o
    0x24000220        -       0x00000078   Zero   RW          573    .bss                dma.o
    0x24000298        -       0x0000005c   Zero   RW          638    .bss                lcd.o
    0x240002f4        -       0x00000060   Zero   RW         4650    .bss                c_w.l(libspace.o)
    0x24000354   0x0800d574   0x00000004   PAD
    0x24000358        -       0x00000200   Zero   RW         4593    HEAP                startup_stm32h750xx.o
    0x24000558        -       0x00000400   Zero   RW         4592    STACK               startup_stm32h750xx.o


==============================================================================

Image component sizes


      Code (inc. data)   RO Data    RW Data    ZI Data      Debug   Object Name

       200         18          0          8        100       1727   adc.o
        98          8          0          4          0       1874   delay.o
         0          0          0          0        120        192   dma.o
      7216        138      21000          8         92      22456   lcd.o
       120         14          6         12          0       3499   led.o
       932         90          0          0        388    1319842   main_1.o
        64         26        664          0       1536        796   startup_stm32h750xx.o
       196         40          0         12          0      22680   stm32h7xx_hal_1.o
      3096        222          0          0          0      76779   stm32h7xx_hal_adc_1.o
        10          0          0          0          0       3509   stm32h7xx_hal_adc_ex_1.o
       378         28          0          0          0      42367   stm32h7xx_hal_cortex_1.o
      5988        246          8          0          0      11762   stm32h7xx_hal_dma_1.o
       566         50          0          0          0       2268   stm32h7xx_hal_gpio_1.o
       556         54          0          0          0       2861   stm32h7xx_hal_msp_1.o
        84          6          0          0          0        773   stm32h7xx_hal_pwr_ex_1.o
      2466        102          0          0          0       7064   stm32h7xx_hal_rcc_1.o
      4776        174          0          0          0      10439   stm32h7xx_hal_rcc_ex_1.o
       108          6          0          0          0       1332   stm32h7xx_hal_sram.o
      4156        192         24          0          0      36636   stm32h7xx_hal_uart_1.o
       290          6         16          0          0       5398   stm32h7xx_hal_uart_ex_1.o
        80         30          0          0          0       6305   stm32h7xx_it_1.o
       316         14          0          0          0       3832   stm32h7xx_ll_fmc.o
       280          8          0          0          0      38555   system.o
       220         40         16          8          0       1490   system_stm32h7xx_1.o
         2          0          0          1          0       2647   usart.o

    ----------------------------------------------------------------------
     32224       1512      21766         56       2236    1627083   Object Totals
         0          0         32          0          0          0   (incl. Generated)
        26          0          0          3          0          0   (incl. Padding)

    ----------------------------------------------------------------------

      Code (inc. data)   RO Data    RW Data    ZI Data      Debug   Library Member Name

         8          0          0          0          0         68   __main.o
         0          0          0          0          0          0   __rtentry.o
        12          0          0          0          0          0   __rtentry2.o
         6          0          0          0          0          0   __rtentry4.o
        52          8          0          0          0          0   __scatter.o
        26          0          0          0          0          0   __scatter_copy.o
        28          0          0          0          0          0   __scatter_zi.o
        18          0          0          0          0         80   exit.o
         6          0          0          0          0        152   heapauxi.o
         2          0          0          0          0          0   libinit.o
         6          0          0          0          0          0   libinit2.o
         2          0          0          0          0          0   libshutdown.o
         2          0          0          0          0          0   libshutdown2.o
         8          4          0          0         96         68   libspace.o
       238          0          0          0          0        100   lludivv7m.o
        78          0          0          0          0         80   rt_memclr_w.o
         2          0          0          0          0          0   rtexit.o
        10          0          0          0          0          0   rtexit2.o
        74          0          0          0          0         80   sys_stackheap_outer.o
         2          0          0          0          0         68   use_no_semi.o
         2          0          0          0          0         68   use_no_semi_2.o
        10          0          0          0          0        116   fpinit.o

    ----------------------------------------------------------------------
       598         12          0          0        100        880   Library Totals
         6          0          0          0          4          0   (incl. Padding)

    ----------------------------------------------------------------------

      Code (inc. data)   RO Data    RW Data    ZI Data      Debug   Library Name

       582         12          0          0         96        764   c_w.l
        10          0          0          0          0        116   fz_wv.l

    ----------------------------------------------------------------------
       598         12          0          0        100        880   Library Totals

    ----------------------------------------------------------------------

==============================================================================


      Code (inc. data)   RO Data    RW Data    ZI Data      Debug   

     32822       1524      21766         56       2336    1614303   Grand Totals
     32822       1524      21766         56       2336    1614303   ELF Image Totals
     32822       1524      21766         56          0          0   ROM Totals

==============================================================================

    Total RO  Size (Code + RO Data)                54588 (  53.31kB)
    Total RW  Size (RW Data + ZI Data)              2392 (   2.34kB)
    Total ROM Size (Code + RO Data + RW Data)      54644 (  53.36kB)

==============================================================================

